D 21 276717362 171124616 105592746 0
D 25 276017932 167817538 108200394 0
D 13 277929452 169451340 108478112 0
D 18 277200006 167052611 110147395 0
D 2 279632874 169747990 109884884 0
D 28 275543666 165283941 110259725 0
D 6 279002404 168567512 110434892 0
D 7 278859854 168010376 110849478 0
D 1 279777628 168726295 111051333 0
D 23 276361632 164371495 111990137 0
D 15 277650066 165867326 111782740 0
D 20 276873468 164911964 111961504 0
D 8 278716566 166244462 112472104 0
D 22 276544850 163854066 112690784 0
D 9 278556454 164382491 114173963 0
D 26 275818700 160753180 115065520 0
D 24 276188352 161198446 114989906 0
D 12 278068998 162315709 115753289 0
D 29 275405582 159365776 116039806 0
D 27 275683372 159500469 116182903 0
D 14 277785502 161848587 115936915 0
D 17 277362394 160644328 116718066 2
D 19 277034426 160089042 116945384 0
D 11 278222544 160960492 117262052 0
D 10 278375984 160458427 117917557 0
D 3 279470616 160996923 118473693 0
D 16 277528710 158635322 118893388 0
D 4 279301678 160442470 118859208 0
D 0 279909176 160814898 119094278 0
D 5 279144334 159077253 120067081 0
D 31 275024556 167476920 107547636 0
D 30 275240844 164011572 111229272 0
D 32 274877212 165039294 109837918 0
D 44 273126472 168556570 104569902 0
D 52 271976492 167143510 104832982 0
D 58 270962018 167402811 103559207 0
D 36 274318678 162596808 111721870 0
D 33 274780642 161540466 113240176 0
D 53 271799484 165545119 106254365 0
D 39 273844576 162208344 111636232 1
D 40 273669906 161413822 112256084 0
D 54 271607660 164387127 107220533 0
D 51 272135048 163360863 108774185 0
D 45 272997072 162505115 110491957 0
D 41 273562146 160295476 113266670 0
D 34 274657922 159227733 115430189 1
D 43 273272102 159836395 113435707 1
D 47 272686968 162080202 110606766 0
D 38 274010886 157955753 116055133 1
D 49 272398502 160217696 112180806 1
D 37 274170438 156917605 117252833 0
D 46 272843412 159403912 113439500 0
D 55 271414734 161722485 109692249 0
D 56 271243860 161547419 109696441 0
D 35 274499980 156374526 118125454 1
D 42 273432592 156574922 116857670 0
D 50 272277768 158461629 113816139 0
D 48 272545696 156044673 116501023 0
D 59 270816998 155371490 115445508 0
D 57 271106450 154791205 116315245 0
D 60 270670016 158700488 111969528 2
D 62 270335944 160283189 110052755 0
D 63 270159330 158571160 111588170 1
D 74 268513514 161562346 106951168 0
D 64 270021282 158120401 111900881 0
D 61 270479014 153765967 116713047 0
D 66 269769108 157931272 111837836 0
D 69 269341808 157768991 111572817 0
D 65 269886646 156845212 113041434 0
D 70 269137034 157292169 111844865 0
D 67 269652668 156198532 113454136 0
D 71 268952596 157335941 111616655 1
D 73 268682552 156408172 112274380 0
D 68 269531622 154650244 114881378 0
D 78 286997720 175920554 111077166 0
D 84 285977566 174013108 111964458 1
D 82 286306224 173787727 112518497 0
D 83 286129268 169970469 116158799 0
D 80 286623750 169886973 116736777 0
D 79 286826184 169280184 117546000 0
D 72 268810366 148044582 120765784 0
D 81 286469544 168161397 118308147 0
D 85 285811020 167234399 118576621 0
D 76 287375066 165677273 121697793 0
D 75 287538070 164379412 123158658 1
D 89 285077924 170481743 114596181 0
D 77 287174592 163502932 123671660 0
D 87 285421024 162839142 122581882 0
D 86 285613014 157977985 127635029 0
D 88 285248168 162522350 122725818 0
D 90 284921920 169710196 115211724 0
D 94 284152460 171540496 112611964 0
D 92 284571904 169075973 115495931 0
D 91 284753840 167071907 117681933 0
D 93 284381862 169212798 115169064 0
D 97 283614776 170880411 112734365 0
D 104 282499618 172243036 110256582 0
D 98 283463066 169618715 113844351 0
D 100 283139432 168265157 114874275 0
D 101 282974196 167370573 115603623 0
D 95 283938698 164834679 119104019 1
D 96 283763356 165264385 118498971 0
D 99 283282898 165498295 117784603 0
D 106 282126358 168965193 113161165 0
D 102 282846350 166573814 116272536 2
D 103 282668588 166850905 115817683 0
D 110 281573928 169789950 111783978 0
D 109 281692840 168363565 113329275 1
D 111 281399334 168388096 113011238 0
D 108 281841404 167327684 114513720 0
D 107 281962786 166549770 115413016 0
D 113 281017446 168220536 112796910 0
D 115 280670512 169058657 111611855 1
D 105 282323258 161573772 120749486 0
D 112 281205492 165994191 115211301 0
D 116 280514210 164474081 116040129 0
D 118 280152546 169682874 110469672 0
D 114 280857590 161743712 119113878 0
D 117 280328864 164763090 115565774 0
D 119 279999804 164046440 115953364 0
D 123 279251716 168286661 110965055 1
D 122 279446700 165192761 114253939 0
D 129 278297728 169320110 108977618 0
D 127 278571382 164678229 113893153 0
D 125 278898430 164156452 114741978 1
D 120 279866202 159732006 120134196 1
D 132 277804438 168326204 109478234 0
D 126 278719292 162051350 116667942 0
D 131 277978244 166114218 111864026 1
D 124 279079460 161535106 117544354 0
D 130 278144702 165884320 112260382 0
D 121 279664602 160844584 118820018 1
D 128 278433806 163863608 114570198 0
D 134 277466674 164194724 113271950 0
D 133 277630566 163838493 113792073 0
D 140 276439880 166610378 109829502 1
D 137 276965316 165046330 111918986 0
D 142 276096904 165650132 110446772 0
D 135 277298380 160092344 117206036 0
D 136 277114774 162654582 114460192 0
D 141 276281230 163472312 112808918 1
D 143 275972764 162620994 113351770 1
D 144 275796134 163165265 112630869 0
D 138 276794298 159686992 117107306 0
D 145 275597456 163893460 111703996 0
D 139 276617280 157556580 119060700 1
D 147 275234700 164693748 110540952 0
D 146 275413212 163521147 111892065 0
D 149 274937192 165440481 109496711 0
D 148 275077284 161540694 113536590 0
D 150 274790260 162891849 111898411 1
D 162 272630098 165766342 106863756 0
D 155 273920296 163248215 110672081 2
D 153 274291614 162641941 111649673 0
D 156 273767818 162182807 111585011 1
D 151 274608762 158310976 116297786 0
D 158 273382080 160922015 112460065 0
D 152 274477938 158294389 116183549 0
D 167 271870134 164484726 107385408 0
D 154 274099594 157797860 116301734 0
D 157 273559106 157967038 115592068 0
D 163 272482800 158800982 113681818 0
D 160 273036766 157475947 115560819 0
D 164 272338662 158429105 113909557 0
D 159 273229898 157297435 115932463 0
D 165 272191894 159930681 112261213 0
D 166 272024164 159731649 112292515 0
D 171 271224792 162742424 108482368 0
D 170 271417924 162119056 109298868 0
D 161 272788292 155486426 117301866 0
D 169 271595652 160085139 111510513 0
D 168 271757878 157552063 114205815 0
D 174 270760498 161849997 108910501 0
D 173 270931172 160729617 110201555 0
D 172 271094338 158283384 112810954 0
D 178 270138800 163219137 106919663 0
D 176 270430658 159646305 110784353 0
D 175 270624062 159373470 111250592 0
D 177 270272926 155106555 115166371 0
D 179 269956498 154600342 115356156 1
D 180 269760594 160508261 109252333 1
D 181 269612232 161749990 107862242 2
D 188 268451000 161904080 106546920 1
D 182 269496122 157736927 111759195 0
D 184 269155450 157305644 111849806 0
D 186 268795980 159196578 109599402 0
D 183 269311688 155408705 113902983 1
D 187 268626158 159070889 109555269 0
D 185 268988446 156694000 112294446 0
D 189 286167628 170761891 115405737 0
D 190 285995868 170665966 115329902 0
D 196 284835580 170850537 113985043 1
D 201 283851362 171838730 112012632 0
D 193 285460692 168896733 116563959 0
D 197 284594672 168755190 115839482 0
D 192 285632120 167504804 118127316 0
D 195 285040452 167670277 117370175 0
D 199 284252462 167651968 116600494 0
D 205 283205354 171679328 111526026 0
D 204 283392136 171980657 111411479 0
D 206 283018842 171611283 111407559 1
D 200 284042812 166386905 117655907 1
D 194 285250052 164561056 120688996 1
D 191 285821968 162461352 123360616 3
D 198 284410930 161650403 122760527 0
D 202 283715588 163158681 120556907 0
D 203 283533524 161736762 121796762 0
D 208 282688310 166674096 116014214 1
D 207 282846238 161147486 121698752 0
D 209 282503372 164514652 117988720 2
D 210 282315646 170689963 111625683 0
D 212 281908154 168651125 113257029 0
D 211 282114898 163379675 118735223 0
D 218 280896652 170721770 110174882 0
D 215 281373142 168362200 113010942 0
D 214 281534740 166900736 114634004 0
D 213 281717218 165107658 116609560 0
D 217 281044564 166816611 114227953 0
D 221 280383108 170817221 109565887 0
D 216 281208942 160651363 120557579 0
D 219 280707934 166849492 113858442 0
D 223 280047130 168419068 111628062 0
D 224 279892396 168101266 111791130 0
D 229 278861944 165621920 113240024 0
D 222 280223698 164122072 116101626 0
D 226 279464316 164571596 114892720 1
D 228 279060918 164085909 114975009 0
D 231 278550930 164792662 113758268 0
D 227 279257562 163543799 115713763 0
D 220 280561068 160586588 119974480 0
D 232 278367596 163376184 114991412 0
D 225 279668278 161489077 118179201 0
D 230 278697496 160153385 118544111 0
D 235 277872140 164836519 113035621 1
D 233 278210414 161699379 116511035 0
D 234 278041502 163216732 114824770 0
D 236 277647486 163152539 114494947 0
D 238 277288906 164634536 112654370 0
D 237 277467324 162745672 114721652 0
D 239 277127670 164704922 112422748 0
D 240 276962918 166941942 110020976 0
D 242 276620824 168595159 108025665 0
D 241 276786202 162859589 113926613 1
D 246 275872754 165130323 110742431 0
D 243 276475120 162845333 113629787 0
D 247 275673958 160853391 114820567 1
D 245 276105148 159072884 117032264 0
D 250 275129340 164307324 110822016 1
D 249 275285882 163602023 111683859 0
D 248 275490002 161740561 113749441 0
D 244 276279398 155969165 120310233 1
D 255 274236252 166312762 107923490 0
D 252 274786056 161762973 113023083 0
D 251 274958994 160942435 114016559 0
D 259 273521680 164825058 108696622 0
D 253 274610420 161758152 112852268 0
D 254 274430928 160403432 114027496 0
D 258 273680700 161130707 112549993 0
D 263 272841022 164414121 108426901 0
D 256 274054254 159673985 114380269 0
D 260 273314640 161103156 112211484 0
D 266 272256252 164937911 107318341 0
D 261 273139380 160719920 112419460 0
D 265 272438984 163378496 109060488 0
D 264 272655804 161453402 111202402 0
D 257 273855742 157222049 116633693 1
D 262 273001460 157733903 115267557 0
D 267 272088566 157887142 114201424 0
D 269 271745988 160050662 111695326 0
D 268 271887504 155189328 116698176 0
D 271 271436068 161649383 109786685 0
D 270 271590586 155416218 116174368 1
D 274 270902396 165864348 105038048 0
D 272 271274740 160543197 110731543 0
D 273 271088626 160124810 110963816 0
D 281 269679914 163486241 106193673 0
D 285 269028824 166285040 102743784 0
D 280 269835398 162209752 107625646 0
D 275 270705672 159077526 111628146 0
D 279 270001232 160551147 109450085 0
D 284 269215918 163507124 105708794 0
D 278 270159820 158831959 111327861 0
D 277 270334078 157499432 112834646 0
D 276 270516140 155820726 114695414 0
D 286 268855698 161419385 107436313 0
D 283 269364264 156642558 112721706 1
D 282 269545182 155990402 113554780 0
D 288 268497736 157830336 110667400 0
D 287 268674930 154399217 114275713 0
D 293 284267790 172209282 112058508 0
D 289 285138170 170082110 115056060 0
D 294 284097338 169799275 114298063 0
D 292 284470052 167377112 117092940 0
D 291 284674700 167274017 117400683 0
D 290 284952436 166759788 118192648 0
D 295 283926474 167825616 116100858 0
D 296 283651104 168448097 115203007 0
D 298 283195632 168677519 114518113 0
D 297 283412606 164888164 118524442 1
D 299 283032154 168315189 114716965 1
D 301 282664480 169464080 113200400 0
D 302 282503104 167440717 115062387 0
D 300 282853128 164454241 118398887 0
D 303 282347646 167017725 115329921 1
D 309 281261564 169916597 111344967 0
D 304 282193158 163402388 118790770 0
D 311 280848120 168025424 112822696 0
D 305 282009782 165749314 116260468 0
D 306 281821996 165205614 116616382 0
D 308 281448482 165212097 116236385 0
D 310 281034498 164698710 116335788 0
D 315 280076304 169534715 110541589 0
D 307 281612806 162343478 119269328 0
D 316 279891610 167431099 112460511 0
D 314 280283602 165890264 114393338 1
D 312 280667680 163757461 116910219 0
D 313 280458052 164845407 115612645 4
D 317 279689974 164310118 115379856 1
D 318 279501366 165138713 114362653 0
D 321 278958698 168516587 110442111 0
D 319 279337492 162541746 116795746 0
D 323 278623010 165989550 112633460 0
D 325 278255142 164947321 113307821 1
D 326 278065260 166118430 111946830 0
D 320 279165078 161393332 117771746 0
D 322 278804554 161896907 116907647 0
D 327 277896546 165288096 112608450 0
D 324 278457332 158534854 119922478 0
D 328 277742820 160199771 117543049 1
D 329 277553766 159507553 118046213 0
D 330 277383908 165267243 112116665 0
D 332 277082528 166058197 111024331 0
D 333 276854748 167092004 109762744 0
D 331 277238602 162424116 114814486 0
D 334 276647904 165709930 110937974 0
D 337 276145884 165696922 110448962 0
D 339 275712944 164119622 111593322 0
D 340 275485772 163740477 111745295 0
D 335 276497914 159396451 117101463 0
D 341 275294218 162872217 112422001 0
D 342 275132910 164257560 110875350 0
D 336 276335566 159830770 116504796 0
D 344 274785624 162472940 112312684 0
D 338 275935120 160043510 115891610 0
D 347 274201788 165477710 108724078 0
D 343 274971076 159309836 115661240 0
D 348 274008742 164851640 109157102 0
D 345 274591224 158197604 116393620 0
D 346 274403852 158442084 115961768 0
D 349 273837106 162032398 111804708 1
D 351 273556196 161938508 111617688 0
D 350 273694352 161327039 112367313 1
D 352 273388972 160597692 112791280 0
D 355 272892490 162455600 110436890 0
D 353 273237302 159338443 113898859 0
D 354 273102230 159500668 113601562 0
D 356 272741638 161308352 111433286 0
D 357 272566850 160249575 112317275 0
D 358 272382754 165237911 107144843 0
D 359 272188206 162915092 109273114 0
D 360 271961310 161329344 110631966 0
D 361 271742862 159156727 112586135 0
D 362 271567238 159199697 112367541 0
D 364 271210948 160910764 110300184 0
D 366 270785274 165042964 105742310 0
D 363 271399676 156096303 115303373 1
D 368 270478458 161460624 109017834 0
D 371 269974542 161520213 108454329 0
D 365 270984260 155883458 115100802 0
D 370 270135896 159350565 110785331 0
D 367 270630654 157428538 113202116 0
D 376 269214502 163132136 106082366 0
D 373 269685420 159526364 110159056 0
D 375 269345960 161890826 107455134 0
D 372 269838260 158457202 111381058 0
D 369 270311256 155777331 114533925 0
D 377 269044566 158497365 110547201 0
D 374 269530586 153092927 116437659 0
D 380 268518714 158649902 109868812 0
D 379 268654190 156066678 112587512 0
D 378 268885838 151732289 117153549 0
D 382 283935732 171510623 112425109 0
D 383 283729110 169617467 114111643 0
D 385 283281510 168919899 114361611 1
D 381 284115860 166280875 117834985 0
D 389 282500010 172966177 109533833 0
D 387 282904896 167641155 115263741 0
D 386 283112014 165476818 117635196 0
D 384 283501582 161857811 121643771 0
D 388 282703964 163155760 119548204 0
D 390 282293308 171654089 110639219 1
D 392 281914630 169393425 112521205 0
D 391 282103624 165367477 116736147 0
D 393 281725544 168135949 113589595 0
D 395 281263498 167387708 113875790 0
D 394 281489770 165535525 115954245 0
D 398 280728628 168989256 111739372 0
D 396 281066456 166442260 114624196 0
D 404 279528978 167910031 111618947 0
D 397 280887692 161913694 118973998 2
D 400 280323780 163998874 116324906 0
D 405 279316706 166351853 112964853 0
D 399 280534584 163845990 116688594 0
D 402 279880402 164351123 115529279 1
D 403 279698184 162701371 116996813 0
D 406 279130874 165108248 114022626 0
D 401 280080554 161424165 118656389 0
D 408 278774134 167486890 111287244 0
D 407 278975016 164500310 114474706 0
D 409 278541056 164619288 113921768 0
D 411 278068358 166339676 111728682 0
D 413 277637782 168402360 109235422 0
D 410 278322536 160464747 117857789 0
D 412 277845824 163750730 114095094 0
D 414 277423346 163105345 114318001 0
D 415 277272234 164269619 113002615 1
D 416 277137572 162371878 114765694 0
D 417 276988702 160295060 116693642 0
D 419 276654620 164504349 112150271 0
D 418 276828104 157319739 119508365 0
D 420 276431486 170567272 105864214 0
D 423 275861288 168815805 107045483 0
D 421 276256560 162143130 114113430 0
D 422 276089704 161338322 114751382 0
D 428 275013578 167038855 107974723 0
D 424 275695418 162186618 113508800 0
D 425 275525988 160564001 114961987 0
D 426 275345610 161655442 113690168 0
D 430 274653462 165084259 109569203 0
D 431 274496662 164564287 109932375 0
D 427 275179066 158639918 116539148 0
D 434 273962214 162328095 111634119 0
D 438 273188542 165158090 108030452 1
D 433 274164244 159536056 114628188 1
D 432 274337656 158724281 115613375 0
D 429 274862700 157804215 117058485 0
D 435 273785450 157974108 115811342 0
D 437 273411434 158007075 115404359 0
D 440 272813784 162631213 110182571 1
D 436 273602434 155340858 118261576 1
D 439 273014268 158685000 114329268 1
D 445 271884258 167494272 104389986 0
D 442 272450880 162260322 110190558 0
D 441 272641736 155500348 117141388 0
D 444 272073584 160663841 111409743 0
D 443 272260540 157700400 114560140 0
D 446 271682980 160179734 111503246 0
D 447 271484620 159557957 111926663 0
D 448 271224094 158583513 112640581 0
D 449 271013996 158396294 112617702 0
D 450 270856190 158511659 112344531 0
D 452 270542098 163626543 106915555 0
D 451 270705976 158171475 112534501 0
D 453 270367206 158677177 111690029 0
D 455 270002102 160203763 109798339 0
D 454 270195904 157303804 112892100 2
D 456 269799078 160147909 109651169 0
D 462 268709752 164826572 103883180 0
D 457 269561176 158606754 110954422 0
D 461 268871988 162158867 106713121 0
D 458 269395524 157905353 111490171 0
D 459 269237100 156984721 112252379 0
D 463 268523852 160955424 107568428 1
D 460 269060484 156146185 112914299 1
D 464 283259382 168690074 114569308 0
D 467 282668708 168739137 113929571 0
D 468 282426860 169266451 113160409 1
D 465 283089294 163012392 120076902 0
D 472 281687330 169076256 112611074 0
D 466 282864214 163795215 119068999 0
D 473 281469186 169717020 111752166 0
D 470 282031690 162727859 119303831 0
D 471 281841382 163000649 118840733 0
D 474 281265818 167132582 114133236 1
D 475 281111608 167827338 113284270 1
D 469 282226030 159818439 122407591 0
D 477 280699500 168959619 111739881 0
D 476 280900646 163747596 117153050 1
D 478 280512962 161011534 119501428 0
D 479 280315388 162450647 117864741 0
D 480 280134466 163438293 116696173 0
D 481 279903810 165884353 114019457 0
D 483 279494208 170409239 109084969 0
D 482 279695558 162142602 117552956 0
D 485 279111502 168521410 110590092 0
D 488 278594200 168716641 109877559 0
D 484 279302532 162858110 116444422 0
D 492 277775780 167918528 109857252 0
D 486 278948534 164062641 114885893 0
D 490 278187948 165256733 112931215 1
D 487 278801424 163195189 115606235 1
D 489 278378212 162639513 115738699 0
D 493 277560874 162528393 115032481 0
D 494 277377272 168173625 109203647 0
D 491 277973176 159862416 118110760 0
D 497 276854874 167199779 109655095 0
D 498 276664904 166743553 109921351 0
D 496 277041800 162926594 114115206 0
D 500 276281226 167270358 109010868 0
D 495 277179008 159584096 117594912 1
D 499 276474232 161842215 114632017 0
D 501 276094672 162253272 113841400 1
D 503 275750554 163336524 112414030 0
D 502 275919176 161565526 114353650 0
D 504 275562600 162003242 113559358 0
D 505 275367718 160819318 114548400 0
D 506 275134934 162751137 112383797 0
D 507 274928206 164267868 110660338 0
D 509 274503788 167115535 107388253 0
D 508 274715464 161688623 113026841 1
D 510 274326290 154214331 120111959 0
D 512 273939958 161207477 112732481 1
D 511 274148566 159524496 114624070 0
D 513 273766588 162138726 111627862 0
D 515 273389592 164275217 109114375 0
D 514 273606226 158159606 115446620 0
D 520 272348348 161688468 110659880 0
D 522 272005592 167028725 104976867 0
D 518 272731466 161242495 111488971 0
D 517 272961768 159076825 113884943 1
D 519 272548794 159011909 113536885 0
D 516 273152308 157815168 115337140 0
D 524 271628064 163965922 107662142 0
D 523 271849442 161901599 109947843 0
D 521 272162706 157400034 114762672 0
D 525 271393274 161193449 110199825 0
D 528 270750642 162896003 107854639 0
D 526 271237900 160763319 110474581 0
D 532 269998686 165190464 104808222 0
D 529 270550820 159738396 110812424 1
D 527 271003802 156944925 114058877 0
D 534 269689728 161156872 108532856 0
D 530 270320018 156249657 114070361 0
D 533 269855628 159888729 109966899 0
D 535 269511586 161355643 108155943 0
D 531 270140554 158200361 111940193 0
D 536 269293424 158325510 110967914 0
D 537 269045272 157843270 111202002 0
D 538 268855138 159397275 109457863 0
D 539 268645992 155490276 113155716 0
D 544 281687998 169458836 112229162 1
D 542 282059356 167138879 114920477 0
D 541 282243808 166530624 115713184 2
D 543 281883794 165576587 116307207 0
D 540 282534616 161154485 121380131 0
D 545 281482018 167099518 114382500 0
D 547 281037012 165619774 115417238 0
D 551 280189208 166764990 113424218 0
D 546 281255536 163365371 117890165 2
D 553 279747428 167570239 112177189 0
D 548 280824552 162102000 118722552 0
D 550 280417090 162514515 117902575 0
D 552 279929876 162373215 117556661 1
D 549 280627192 161086402 119540790 1
D 555 279328156 167366599 111961557 0
D 554 279544540 162628470 116916070 1
D 557 278969374 167136725 111832649 0
D 556 279160198 163143543 116016655 0
D 561 278164096 168230810 109933286 0
D 560 278311864 164235020 114076844 0
D 562 277985780 166593962 111391818 0
D 563 277776544 166419016 111357528 0
D 559 278511648 162488158 116023490 2
D 558 278740388 160629102 118111286 0
D 564 277570532 162581375 114989157 0
D 565 277374742 161697071 115677671 0
D 566 277152138 164486067 112666071 0
D 568 276725472 166081595 110643877 0
D 567 276937262 159846192 117091070 1
D 569 276525134 166993061 109532073 0
D 572 275937886 165453655 110484231 0
D 573 275771188 166742067 109029121 0
D 570 276328120 163815844 112512276 0
D 571 276149314 163265945 112883369 0
D 575 275328102 165084016 110244086 0
D 578 274755462 167459991 107295471 0
D 574 275507960 160368751 115139209 0
D 576 275140618 162224749 112915869 0
D 577 274953810 161051052 113902758 0
D 581 274182078 164075089 110106989 0
D 580 274364410 162507901 111856509 0
D 582 273969472 163074735 110894737 0
D 584 273570734 163564951 110005783 0
D 586 273184174 164633920 108550254 0
D 579 274557590 158860137 115697453 1
D 585 273401234 161452653 111948581 0
D 583 273772286 160063196 113709090 0
D 588 272785582 166544601 106240981 0
D 590 272392660 163696459 108696201 0
D 589 272593416 161627758 110965658 0
D 587 272964154 155009688 117954466 1
D 593 271751660 160355203 111396457 0
D 592 271982914 158292655 113690259 0
D 595 271352926 162184715 109168211 0
D 594 271544920 161300659 110244261 0
D 591 272196778 157903703 114293075 0
D 597 270892724 160101424 110791300 2
D 598 270706902 160280249 110426653 0
D 596 271085860 154380902 116704958 1
D 599 270501940 160518902 109983038 0
D 602 269874664 162776999 107097665 0
D 600 270307718 159049449 111258269 0
D 601 270101450 156789499 113311951 0
D 603 269681678 158091132 111590546 0
D 605 269275234 158609073 110666161 0
D 606 269122016 158959942 110162074 0
D 607 268946290 158251082 110695208 0
D 608 268707664 158752891 109954773 0
D 604 269466348 152471682 116994666 0
D 609 268496530 156644654 111851876 0
D 616 280331018 169297520 111033498 1
D 610 281708574 166206690 115501884 0
D 615 280550722 167881173 112669549 0
D 611 281461208 164984416 116476792 1
D 613 281069742 164719284 116350458 0
D 614 280809298 164707086 116102212 0
D 612 281264394 163447360 117817034 1
D 617 280142818 167071172 113071646 0
D 619 279719790 168231839 111487951 0
D 618 279924456 165911363 114013093 0
D 625 278375982 168525105 109850877 1
D 621 279282792 165195573 114087219 0
D 624 278526590 163111670 115414920 0
D 622 279025886 162566730 116459156 0
D 623 278746900 161800396 116946504 1
D 620 279518954 160192688 119326266 0
D 626 278187722 164562274 113625448 0
D 628 277801418 162569091 115232327 0
D 627 278009048 161693763 116315285 1
D 629 277530644 162112644 115418000 1
D 630 277268906 164133941 113134965 0
D 631 277046082 164749674 112296408 1
D 632 276838366 166027560 110810806 0
D 633 276622062 166465449 110156613 0
D 635 276205966 162275629 113930337 0
D 638 275608816 165805473 109803343 1
D 639 275431324 166706368 108724956 1
D 634 276426378 159387567 117038811 1
D 636 276012602 160974914 115037688 0
D 640 275241204 165134139 110107065 0
D 637 275790098 159229298 116560800 0
D 644 274368864 165608085 108760779 0
D 643 274625034 164694458 109930576 0
D 642 274848956 163014703 111834253 0
D 645 274149472 163546790 110602682 0
D 646 273946350 162341543 111604807 0
D 647 273778212 161010322 112767890 0
D 641 275056588 158865236 116191352 0
D 648 273575860 162744319 110831541 0
D 650 273105828 163324270 109781558 0
D 649 273334794 157011227 116323567 0
D 652 272678966 160896249 111782717 0
D 653 272463808 160408978 112054830 1
D 655 272036470 159587564 112448906 0
D 654 272230300 159210216 113020084 0
D 651 272912782 154824772 118088010 0
D 656 271876544 159080217 112796327 1
D 658 271504018 162539865 108964153 0
D 657 271694658 160703583 110991075 0
D 659 271302226 159331619 111970607 0
D 661 270921374 165436677 105484697 0
D 660 271084166 160777002 110307164 0
D 662 270706934 156660967 114045967 0
D 664 270283198 163456656 106826542 1
D 663 270511144 156215552 114295592 0
D 665 270107320 160392889 109714431 0
D 666 269939262 160331230 109608032 1
D 667 269729840 157238981 112490859 0
D 671 268862752 160928287 107934465 0
D 669 269290960 158494824 110796136 0
D 670 269060140 158400998 110659142 1
D 673 268441074 159222955 109218119 0
D 668 269530808 153334892 116195916 0
D 672 268682292 158319866 110362426 0
D 674 281038184 168661169 112377015 0
D 676 280640272 167933726 112706546 0
D 675 280834650 166294896 114539754 0
D 677 280423890 167674097 112749793 0
D 678 280178868 169216687 110962181 0
D 679 279997698 166693939 113303759 0
D 681 279656558 167444643 112211915 0
D 680 279816888 164278133 115538755 0
D 685 278822796 168690234 110132562 0
D 682 279470870 163390738 116080132 0
D 683 279259804 162361442 116898362 0
D 686 278590976 163162679 115428297 0
D 684 279070020 160398622 118671398 0
D 688 278173054 164483720 113689334 0
D 689 277949522 165918675 112030847 0
D 687 278369730 158905113 119464617 0
D 691 277507698 164851095 112656603 0
D 690 277686386 159030886 118655500 0
D 693 277061692 166879389 110182303 0
D 696 276376696 167401450 108975246 0
D 692 277254854 163133533 114121321 0
D 694 276831456 158249049 118582407 0
D 695 276601006 160793221 115807785 0
D 698 275947350 163284746 112662604 1
D 702 275094082 163822412 111271670 1
D 699 275723234 162705197 113018037 0
D 703 274878002 163862349 111015653 1
D 697 276203120 160229102 115974018 0
D 701 275300956 161935326 113365630 0
D 704 274645872 164034857 110611015 0
D 700 275503270 158782658 116720612 0
D 707 274022374 164996711 109025663 1
D 705 274428026 162701638 111726388 0
D 706 274235888 160805102 113430786 1
D 708 273788666 159159333 114629333 0
D 712 272910320 167026691 105883629 0
D 710 273341764 165774833 107566931 0
D 709 273553190 158036654 115516536 0
D 713 272687012 166209141 106477871 0
D 711 273115260 159371382 113743878 0
D 717 271760844 162325069 109435775 0
D 716 271967730 161915279 110052451 0
D 718 271565902 161071496 110494406 1
D 714 272451786 157432995 115018791 0
D 715 272209612 158074095 114135517 0
D 719 271374292 161378578 109995714 1
D 720 271158388 160960559 110197829 0
D 722 270717702 160643735 110073967 0
D 721 270912966 157409180 113503786 1
D 724 270316518 160161361 110155157 1
D 723 270533916 156952007 113581909 0
D 727 269684208 162148631 107535577 0
D 726 269887108 159023396 110863712 0
D 731 268900582 160531560 108369022 0
D 729 269272654 160353252 108919402 0
D 725 270098162 156050290 114047872 0
D 732 268689152 159185247 109503905 0
D 728 269463966 156389054 113074912 0
D 730 269075162 155763138 113312024 0
D 733 268492482 158054153 110438329 0
D 735 280277688 166282282 113995406 0
D 734 280476564 165261179 115215385 1
D 737 279862364 168641753 111220611 1
D 736 280032796 162864687 117168109 0
D 739 279413100 166320988 113092112 0
D 738 279630384 163906252 115724132 0
D 741 279019634 166604001 112415633 0
D 740 279245446 165299126 113946320 0
D 743 278538366 168748282 109790084 1
D 742 278787292 165410164 113377128 0
D 744 278281556 167628130 110653426 0
D 746 277854242 163807928 114046314 0
D 748 277419180 164399061 113020119 0
D 745 278081380 161930058 116151322 3
D 747 277654526 160472588 117181938 0
D 749 277203268 162403746 114799522 0
D 750 277002110 162281497 114720613 0
D 752 276566868 166288406 110278462 0
D 751 276810342 163895477 112914865 0
D 753 276322470 164381404 111941066 0
D 754 276094152 164205787 111888365 0
D 756 275710350 164430962 111279388 1
D 755 275910626 161546989 114363637 0
D 758 275183498 163116956 112066542 0
D 757 275454178 161701218 113752960 0
D 761 274534394 164754507 109779887 0
D 759 274929062 161012599 113916463 1
D 763 274155110 161699578 112455532 0
D 762 274352674 160428677 113923997 0
D 760 274743852 157556207 117187645 1
D 766 273476970 163342349 110134621 0
D 764 273927554 161299426 112628128 0
D 765 273691718 158863280 114828438 0
D 767 273240566 159065609 114174957 1
D 771 272346318 161604533 110741785 0
D 769 272796766 159635586 113161180 0
D 768 273047842 159938216 113109626 1
D 770 272552238 159642816 112909422 0
D 772 272156516 159441003 112715513 0
D 773 271922890 158585029 113337861 0
D 774 271716056 161161402 110554654 0
D 777 271053940 162735802 108318138 0
D 776 271302182 160296125 111006057 0
D 775 271498792 157734948 113763844 0
D 779 270623900 160102005 110521895 2
D 778 270846392 158019522 112826870 0
D 780 270418614 159216100 111202514 1
D 781 270223410 159997648 110225762 1
D 782 269981198 160644177 109337021 0
D 783 269759712 161296311 108463401 0
D 784 269564722 158366764 111197958 0
D 785 269335356 157345395 111989961 0
D 786 269091444 159076313 110015131 0
D 787 268858798 157535145 111323653 0
D 788 268628414 158128823 110499591 0
D 789 280073440 169589196 110484244 0
D 790 279841804 164428630 115413174 0
D 793 279131278 167026859 112104419 0
D 791 279647270 164916706 114730564 1
D 792 279386272 164014372 115371900 0
D 794 278920648 162690135 116230513 0
D 796 278404464 167016310 111388154 1
D 795 278673616 163056936 115616680 1
D 800 277462780 165202601 112260179 0
D 797 278150486 163460572 114689914 0
D 803 276767326 167559180 109208146 0
D 799 277721824 163337449 114384375 0
D 798 277962796 162819345 115143451 0
D 801 277211232 160750022 116461210 0
D 802 277012390 161378180 115634210 0
D 804 276501658 162843555 113658103 0
D 805 276278892 165384738 110894154 1
D 806 276058276 165387059 110671217 1
D 809 275300010 165213816 110086194 0
D 807 275807844 161761767 114046077 0
D 808 275549764 162138557 113411207 0
D 812 274608112 160645408 113962704 0
D 811 274863086 160245286 114617800 0
D 813 274335362 162384515 111950847 1
D 810 275100070 158407790 116692280 0
D 814 274047624 161353304 112694320 0
D 817 273381840 166283195 107098645 1
D 815 273835332 161037131 112798201 0
D 816 273596438 161574963 112021475 0
D 819 272908828 161669180 111239648 0
D 818 273164180 157437514 115726666 0
D 821 272410814 159142643 113268171 0
D 823 271900768 160458192 111442576 0
D 820 272700988 156907104 115793884 0
D 822 272165446 158814542 113350904 0
D 825 271422970 161057141 110365829 2
D 824 271646534 160181173 111465361 0
D 826 271191974 160112256 111079718 1
D 827 270970492 160472644 110497848 0
D 831 270073204 160882311 109190893 0
D 829 270516878 158438971 112077907 2
D 830 270311184 158798969 111512215 0
D 832 269861718 161213959 108647759 0
D 828 270746600 156484149 114262451 0
D 833 269690516 159586154 110104362 0
D 835 269231938 159393216 109838722 0
D 834 269453820 157002558 112451262 0
D 836 269031092 160363257 108667835 0
D 837 268851780 156813012 112038768 1
D 838 268605496 157363009 111242487 0
D 839 279585326 159637941 119947385 2
D 842 278905424 166363444 112541980 0
D 840 279358352 164264996 115093356 0
D 841 279119492 162943670 116175822 0
D 843 278660426 162999244 115661182 0
D 844 278430986 162311608 116119378 0
D 845 278187700 162851293 115336407 0
D 848 277431104 166032694 111398410 0
D 846 277886670 162536765 115349905 0
D 847 277642690 162213321 115429369 1
D 849 277259218 164511876 112747342 0
D 850 277035150 166950099 110085051 0
D 853 276285020 166375446 109909574 0
D 851 276787366 164510263 112277103 0
D 855 275755176 165485874 110269302 0
D 854 276023088 165560576 110462512 0
D 852 276525880 162357621 114168259 0
D 856 275539822 165320781 110219041 0
D 859 274819128 165309714 109509414 0
D 858 275099574 161566039 113533535 1
D 860 274596872 162424769 112172103 0
D 861 274349404 162434882 111914522 0
D 864 273582910 165834585 107748325 0
D 862 274114366 160849620 113264746 0
D 857 275392296 157343061 118049235 1
D 865 273372452 160976489 112395963 1
D 866 273137606 160398461 112739145 0
D 863 273839192 157467507 116371685 1
D 867 272894086 165720328 107173758 1
D 868 272637596 158589533 114048063 1
D 869 272432054 158712552 113719502 0
D 870 272132144 161896589 110235555 0
D 871 271935576 163718216 108217360 0
D 872 271701154 163451066 108250088 0
D 874 271261518 163410526 107850992 0
D 873 271476302 158250373 113225929 0
D 876 270831926 160408238 110423688 1
D 875 271031738 158398031 112633707 0
D 877 270581000 160735608 109845392 1
D 878 270306532 157905432 112401100 0
D 879 270037966 158370162 111667804 0
D 880 269817580 158767820 111049760 0
D 885 268673780 162546617 106127163 0
D 884 268950034 159649616 109300418 0
D 881 269606334 157054786 112551548 0
D 882 269368584 156847754 112520830 0
D 883 269163634 153174760 115988874 0
D 886 268444970 154862940 113582030 0
D 889 278477956 167295690 111182266 0
D 890 278261068 166407023 111854045 0
D 891 277998394 164894068 113104326 1
D 888 278664702 163948664 114716038 0
D 887 278926310 161424542 117501768 0
D 897 276320986 166463230 109857756 0
D 895 276926062 163957585 112968477 0
D 893 277434786 160307212 117127574 0
D 892 277724892 159764433 117960459 0
D 894 277162142 162198790 114963352 0
D 896 276614360 162128235 114486125 1
D 898 276072494 163567866 112504628 0
D 899 275843058 160804428 115038630 0
D 901 275292952 166586998 108705954 0
D 902 274996822 165097306 109899516 0
D 903 274777552 164105808 110671744 0
D 900 275589028 158926683 116662345 0
D 904 274543958 163377948 111166010 0
D 906 274069054 162103925 111965129 0
D 905 274317140 159946430 114370710 0
D 907 273832142 160935880 112896262 1
D 909 273364536 162510023 110854513 0
D 911 272907234 163529060 109378174 0
D 908 273596262 157686653 115909609 0
D 913 272425450 161899330 110526120 0
D 910 273127254 159825320 113301934 0
D 912 272677786 160546525 112131261 0
D 914 272169014 160915692 111253322 0
D 915 271904358 161732114 110172244 1
D 916 271698730 161327791 110370939 0
D 920 270672326 162349809 108322517 0
D 917 271442084 160090797 111351287 0
D 919 270925566 160497560 110428006 1
D 921 270424500 160065861 110358639 0
D 918 271218120 155667502 115550618 0
D 922 270198696 160353538 109845158 0
D 923 270007946 160478818 109529128 0
D 925 269558968 160353008 109205960 0
D 924 269784558 159250725 110533833 0
D 926 269290712 157102903 112187809 0
D 927 269004156 155684443 113319713 0
D 928 268769080 159560152 109208928 0
D 929 268573994 160442742 108131252 0
D 931 278446620 168035439 110411181 0
D 930 278728192 162531863 116196329 0
D 932 278191132 162964031 115227101 1
D 933 277958940 162382430 115576510 0
D 937 277015720 163919396 113096324 0
D 935 277493190 163254098 114239092 0
D 936 277234384 162778848 114455536 0
D 938 276775772 165264354 111511418 0
D 934 277725510 156617001 121108509 0
D 939 276544066 163954957 112589109 0
D 940 276284774 165297408 110987366 0
D 943 275445348 164124258 111321090 0
D 941 276023160 162259443 113763717 1
D 942 275757166 161162612 114594554 0
D 944 275190892 160127717 115063175 0
D 945 274963488 160141341 114822147 0
D 946 274674598 161075910 113598688 0
D 947 274418228 162930450 111487778 0
D 948 274104868 161965251 112139617 0
D 952 273184646 164220211 108964435 1
D 951 273423936 163645520 109778416 0
D 950 273647518 159527422 114120096 0
D 949 273854874 157817404 116037470 0
D 957 271949756 165385606 106564150 0
D 953 272992792 159886714 113106078 0
D 956 272164702 162621130 109543572 0
D 955 272470040 160064923 112405117 0
D 954 272735182 154375498 118359684 0
D 958 271752624 158953373 112799251 0
D 959 271513552 156557706 114955846 0
D 960 271237150 159303095 111934055 1
D 961 271034380 161306330 109728050 0
D 963 270608298 163971263 106637035 0
D 966 269850538 165310775 104539763 0
D 962 270826080 157444366 113381714 2
D 965 270119440 160701631 109417809 2
D 964 270380696 156475802 113904894 0
D 970 268846236 158989759 109856477 0
D 967 269603240 156488988 113114252 0
D 968 269381260 155969106 113412154 1
D 969 269119122 157609544 111509578 0
D 971 268607502 157197629 111409873 0
D 972 278289388 166823811 111465577 0
D 973 278045324 165346296 112699028 1
D 976 277295164 165429342 111865822 0
D 974 277805408 162459639 115345769 0
D 977 276984014 166213564 110770450 0
D 975 277563618 160599244 116964374 0
D 978 276723978 163117846 113606132 0
D 979 276502958 163189602 113313356 0
D 980 276260568 162411839 113848729 1
D 981 276023212 162942558 113080654 0
D 982 275818070 162801733 113016337 0
D 983 275591302 163029039 112562263 0
D 985 275065538 162481290 112584248 0
D 984 275346578 161662589 113683989 0
D 986 274796158 162763723 112032435 0
D 988 274282966 167043667 107239299 0
D 987 274549212 161415629 113133583 0
D 989 274047056 163800927 110246129 1
D 990 273815338 165130510 108684828 0
D 991 273527472 161257939 112269533 0
D 992 273264336 161574666 111689670 1
D 994 272791290 161191645 111599645 0
D 993 273042428 157427858 115614570 0
D 995 272565442 160544713 112020729 0
D 996 272326178 163774328 108551850 0
D 998 271844354 163025223 108819131 0
D 1000 271322930 162025489 109297441 0
D 997 272072700 160025733 112046967 2
D 999 271557046 159275043 112282003 0
D 1001 271094546 159480131 111614415 0
D 1002 270842916 159575309 111267607 0
D 1003 270563488 158888241 111675247 1
D 1005 269932014 159745914 110186100 1
D 1004 270249872 157754713 112495159 1
D 1007 269474912 160514464 108960448 5
D 1006 269687928 156816800 112871128 0
D 1008 269206172 158740179 110465993 0
D 1009 268962564 158421791 110540773 0
D 1010 268711906 158406932 110304974 0
D 1011 278016634 166436071 111580563 1
D 1012 277730576 166745589 110984987 0
D 1016 276706774 168506362 108200412 0
D 1015 276946472 164352598 112593874 0
D 1013 277476778 162263177 115213601 0
D 1014 277206124 163024766 114181358 0
D 1018 276141492 164563041 111578451 0
D 1017 276436578 158182316 118254262 0
D 1019 275868510 164368833 111499677 0
D 1020 275603810 163840621 111763189 0
D 1022 275115904 161940318 113175586 0
D 1021 275356690 158718592 116638098 2
D 1027 273772884 167553438 106219446 0
D 1024 274644212 164278693 110365519 0
D 1023 274887368 161603680 113283688 0
D 1025 274364408 162174724 112189684 0
D 1026 274073528 159390283 114683245 0
D 1029 273263810 159585825 113677985 1
D 1032 272524050 164518103 108005947 0
D 1028 273514294 157587660 115926634 0
D 1033 272275652 163117617 109158035 0
D 1031 272777432 159694039 113083393 0
D 1030 273018616 155503757 117514859 0
D 1036 271542582 162204478 109338104 0
D 1034 272027434 160773083 111254351 1
D 1035 271769728 159053188 112716540 0
D 1037 271328718 161360641 109968077 0
D 1040 270577516 160408810 110168706 0
D 1043 269787938 161919373 107868565 0
D 1039 270838438 158343462 112494976 1
D 1041 270322592 161439501 108883091 0
D 1038 271057408 156239577 114817831 0
D 1045 269236022 163346576 105889446 0
D 1042 270049840 159400681 110649159 0
D 1046 268923552 159266004 109657548 0
D 1044 269494320 158884495 110609825 0
D 1047 268669680 157223134 111446546 0
D 1048 277686594 164282410 113404184 1
D 1049 277396092 164515512 112880580 1
D 1050 277114870 165778962 111335908 0
D 1054 276004278 164017451 111986827 0
D 1053 276250596 162495545 113755051 0
D 1052 276566718 159604275 116962443 1
D 1051 276853520 158640346 118213174 0
D 1056 275453488 164519605 110933883 0
D 1055 275733192 160783584 114949608 1
D 1057 275194186 164106320 111087866 0
D 1059 274717434 163267915 111449519 0
D 1058 274927168 163114547 111812621 0
D 1060 274450702 163677702 110773000 0
D 1062 273801054 159584913 114216141 0
D 1064 273273896 163579877 109694019 0
D 1061 274128774 157177386 116951388 0
D 1063 273547026 157698159 115848867 0
D 1065 273015060 160297513 112717547 1
D 1067 272487076 160749349 111737727 0
D 1066 272760796 159044673 113716123 0
D 1068 272237106 162913412 109323694 0
D 1071 271447184 161960154 109487030 0
D 1073 270945046 163093094 107851952 0
D 1070 271720468 161315277 110405191 0
D 1076 270152794 162749168 107403626 0
D 1069 271980216 156556099 115424117 1
D 1072 271164466 156379418 114785048 0
D 1074 270696012 156342574 114353438 0
D 1075 270449718 158037596 112412122 0
D 1077 269853026 159862170 109990856 0
D 1078 269574506 160962555 108611951 0
D 1079 269303636 158853556 110450080 0
D 1080 269074276 158796092 110278184 0
D 1082 268560952 158035066 110525886 0
D 1081 268813910 156969370 111844540 0
D 1084 276888728 165146644 111742084 0
D 1086 276353896 165469144 110884752 0
D 1085 276633054 163837144 112795910 0
D 1083 277211894 160907229 116304665 0
D 1088 275818850 165006480 110812370 0
D 1090 275307752 164356214 110951538 0
D 1087 276063104 159749509 116313595 0
D 1089 275577488 161934979 113642509 0
D 1092 274789520 163478255 111311265 0
D 1091 275039086 162468824 112570262 0
D 1093 274492544 163404666 111087878 0
D 1095 273935604 164090547 109845057 0
D 1094 274205852 161823583 112382269 0
D 1098 273076218 164194619 108881599 0
D 1096 273613372 161707662 111905710 0
D 1100 272460948 162195309 110265639 0
D 1101 272209838 161508846 110700992 0
D 1097 273335272 159330312 114004960 1
D 1099 272769542 158648984 114120558 0
D 1103 271658588 160178461 111480127 1
D 1105 271149530 160620516 110529014 0
D 1106 270892876 161067033 109825843 0
D 1102 271941690 156370586 115571104 0
D 1104 271392038 156159659 115232379 0
D 1107 270626846 157839973 112786873 0
D 1108 270337352 158404238 111933114 0
D 1109 270103806 163443601 106660205 0
D 1110 269809952 158389355 111420597 0
D 1111 269521900 160405547 109116353 0
D 1113 268916144 159639688 109276456 1
D 1112 269222840 157906073 111316767 0
D 1114 268697082 157866284 110830798 0
D 1115 268468672 157684938 110783734 0
D 1118 276395594 167498176 108897418 0
D 1117 276650812 162818598 113832214 0
D 1116 276874448 161203560 115670888 0
D 1120 275853770 163147060 112706710 0
D 1119 276143564 160261863 115881701 2
D 1123 274970918 164822067 110148851 0
D 1124 274663108 164828992 109834116 0
D 1121 275541446 162146088 113395358 0
D 1122 275269290 162590993 112678297 0
D 1126 274124124 162360494 111763630 1
D 1125 274376394 160322518 114053876 0
D 1129 273213694 162707572 110506122 1
D 1127 273871092 161738657 112132435 0
D 1130 272947210 160762001 112185209 0
D 1131 272686042 161910981 110775061 0
D 1128 273546620 158316672 115229948 1
D 1133 272113980 161588369 110525611 0
D 1135 271501290 162676578 108824712 0
D 1134 271803686 160602966 111200720 0
D 1132 272388016 160005442 112382574 0
D 1136 271213640 161174576 110039064 0
D 1137 270983334 160033989 110949345 1
D 1138 270682226 156708311 113973915 0
D 1139 270429040 161180085 109248955 0
D 1140 270163870 160672647 109491223 0
D 1141 269871552 158502809 111368743 0
D 1143 269338066 160296288 109041778 1
D 1144 269025584 160585568 108440016 0
D 1145 268715316 159183055 109532261 1
D 1142 269615394 156038112 113577282 1
D 1148 276293170 165711794 110581376 0
D 1149 275990544 165825315 110165229 0
D 1146 276813960 159864335 116949625 0
D 1147 276564740 163579673 112985067 0
D 1153 274862108 162998057 111864051 0
D 1150 275712032 162047833 113664199 0
D 1151 275391766 162282626 113109140 0
D 1154 274574492 162102389 112472103 0
D 1152 275127402 158090911 117036491 0
D 1157 273766878 163456919 110309959 0
D 1155 274302172 162022261 112279911 0
D 1156 274029500 161962806 112066694 0
D 1159 273187490 163907132 109280358 0
D 1158 273473246 159279177 114194069 0
D 1160 272935804 159629575 113306229 0
D 1162 272385784 161411508 110974276 2
D 1164 271828448 162051162 109777286 0
D 1161 272671372 158663341 114008031 0
D 1163 272108950 160681077 111427873 0
D 1166 271235482 159510386 111725096 0
D 1165 271514546 158318939 113195607 0
D 1167 270935892 159448561 111487331 0
D 1168 270647930 161131182 109516748 2
D 1169 270346284 159537734 110808550 0
D 1170 270049680 159215029 110834651 0
D 1171 269764688 160121086 109643602 0
D 1172 269472862 160268162 109204700 0
D 1175 268597458 161928115 106669343 0
D 1174 268903446 160236713 108666733 0
D 1173 269173386 157306771 111866615 1
D 1176 276376210 166451605 109924605 1
D 1179 275571866 166630747 108941119 0
D 1177 276091752 164568204 111523548 0
D 1178 275821462 161458724 114362738 0
D 1180 275249142 163630942 111618200 0
D 1182 274645700 163608915 111036785 1
D 1181 274965052 162828000 112137052 0
D 1184 274051632 165808783 108242849 0
D 1186 273469326 164582687 108886639 1
D 1188 272911070 164612030 108299040 0
D 1189 272671552 164014955 108656597 0
D 1183 274382982 157785481 116597501 1
D 1187 273170838 160449454 112721384 0
D 1185 273788988 159452868 114336120 0
D 1192 271745282 163589562 108155720 0
D 1191 272133852 163708489 108425363 2
D 1190 272399902 158882999 113516903 0
D 1196 270595434 162151219 108444215 0
D 1194 271193690 158669801 112523889 2
D 1195 270909996 160329689 110580307 0
D 1193 271443774 156969176 114474598 2
D 1197 270301168 162890803 107410365 0
D 1198 270043900 156665996 113377904 0
D 1199 269774740 158014654 111760086 0
D 1200 269490484 161003943 108486541 0
D 1202 268899586 158105518 110794068 0
D 1203 268609638 158292254 110317384 0
D 1201 269183686 156287540 112896146 1
D 1204 276229324 165346573 110882751 0
D 1205 275926054 161811622 114114432 0
D 1208 275058280 164542251 110516029 0
D 1206 275657706 160296068 115361638 0
D 1207 275337814 161209294 114128520 0
D 1210 274365632 164685264 109680368 1
D 1209 274709804 163359101 111350703 0
D 1213 273514144 163566924 109947220 0
D 1214 273240906 164207031 109033875 0
D 1211 274116130 161851435 112264695 0
D 1212 273819762 159426444 114393318 1
D 1215 272957634 161864345 111093289 0
D 1221 271165842 163209762 107956080 0
D 1218 272058644 161170219 110888425 0
D 1219 271773826 160526235 111247591 0
D 1216 272667154 160218687 112448467 0
D 1217 272353196 159764569 112588627 0
D 1223 270542098 161364992 109177106 0
D 1220 271477952 157214586 114263366 0
D 1225 269952600 159562957 110389643 2
D 1227 269367232 160508160 108859072 0
D 1222 270854184 157797288 113056896 0
D 1226 269640346 159226826 110413520 0
D 1224 270260308 156212467 114047841 0
D 1228 269087910 161388584 107699326 0
D 1229 268796034 156263231 112532803 1
D 1230 268513700 160678323 107835377 0
D 1231 275902948 164155268 111747680 0
D 1232 275583844 163267976 112315868 0
D 1233 275302382 163339288 111963094 0
D 1234 275058206 161671742 113386464 1
D 1235 274768092 158749278 116018814 1
D 1240 273298822 164419316 108879506 0
D 1238 273900404 162666314 111234090 0
D 1236 274498112 159076288 115421824 0
D 1239 273601470 160761889 112839581 1
D 1237 274195362 159891529 114303833 1
D 1241 273048972 160865822 112183150 0
D 1242 272744536 159717184 113027352 0
D 1243 272397284 159923354 112473930 0
D 1245 271693058 161900379 109792679 1
D 1244 272021672 160779297 111242375 0
D 1249 270540546 161284892 109255654 0
D 1247 271068228 160249737 110818491 0
D 1246 271391028 159072811 112318217 0
D 1248 270826876 159622865 111204011 0
D 1251 269962496 161308053 108654443 0
D 1250 270266640 157877487 112389153 0
D 1252 269665208 159805692 109859516 0
D 1255 268727078 159712074 109015004 0
D 1254 269055956 159750165 109305791 0
D 1253 269338224 155643721 113694503 0
D 1256 275878364 162172861 113705503 0
D 1258 275251966 165742336 109509630 0
D 1257 275566572 157878108 117688464 1
D 1259 274980182 160831351 114148831 1
D 1260 274677196 162237366 112439830 0
D 1261 274315336 164999626 109315710 0
D 1263 273654246 164974305 108679941 0
D 1262 273965236 162669765 111295471 0
D 1264 273349642 162143916 111205726 0
D 1265 273089740 160746108 112343632 0
D 1267 272464642 164242363 108222279 0
D 1269 271895310 163891198 108004112 0
D 1268 272169706 161220609 110949097 0
D 1266 272774216 159760219 113013997 0
D 1270 271617854 161054012 110563842 0
D 1274 270537978 162763541 107774437 0
D 1271 271361676 160001853 111359823 0
D 1273 270780880 160159561 110621319 0
D 1278 269384828 162046264 107338564 0
D 1279 269060196 161349716 107710480 0
D 1272 271070392 157270274 113800118 1
D 1277 269723474 159417003 110306471 0
D 1275 270229494 157312164 112917330 0
D 1276 269972942 158895075 111077867 1
D 1280 268732760 156728788 112003972 0
D 1284 274689258 163168545 111520713 0
D 1281 275666362 158671327 116995035 0
D 1282 275329222 159544892 115784330 0
D 1283 274972536 161237666 113734870 0
D 1285 274334680 162808371 111526309 0
D 1286 274016352 160496483 113519869 0
D 1287 273714408 161167708 112546700 0
D 1288 273340632 158336694 115003938 1
D 1289 272998930 161653111 111345819 0
D 1290 272706936 161310114 111396822 0
D 1291 272431960 159917819 112514141 0
D 1293 271776862 161811379 109965483 0
D 1292 272082784 158988670 113094114 0
D 1294 271464136 160047101 111417035 1
D 1295 271149618 164152988 106996630 0
D 1297 270546450 162354766 108191684 0
D 1299 269925012 162484785 107440227 0
D 1296 270842554 158154921 112687633 1
D 1298 270228704 159115452 111113252 1
D 1300 269658316 159496959 110161357 0
D 1301 269396662 160329859 109066803 0
D 1304 275411056 165601331 109809725 1
D 1303 268727958 156279541 112448417 0
D 1302 269080800 154067089 115013711 0
D 1309 273687148 161679023 112008125 0
D 1305 275028460 160013577 115014883 0
D 1308 273992752 159875927 114116825 0
D 1306 274694526 159605039 115089487 0
D 1307 274333622 158966531 115367091 0
D 1310 273365836 159499127 113866709 0
D 1313 272355954 163392342 108963612 1
D 1312 272664164 163012636 109651528 0
D 1311 272979328 161535796 111443532 1
D 1316 271394894 163844335 107550559 0
D 1314 272016682 157614984 114401698 0
D 1315 271710246 158735996 112974250 0
D 1317 271053708 160860495 110193213 0
D 1318 270704400 161427015 109277385 0
D 1319 270436320 161496712 108939608 0
D 1320 270126312 157676066 112450246 2
D 1321 269807228 159682879 110124349 0
D 1323 269202618 160218612 108984006 0
D 1324 268916922 158653135 110263787 0
D 1322 269525692 152828422 116697270 1
D 1325 268648642 157268168 111380474 1
D 1327 274908090 164149442 110758648 0
D 1326 275231756 162154841 113076915 0
D 1330 273870184 163303169 110567015 0
D 1329 274195416 162312938 111882478 0
D 1331 273577274 162235252 111342022 0
D 1328 274555052 158294212 116260840 0
D 1333 272918388 164431430 108486958 0
D 1332 273206362 160094492 113111870 0
D 1337 271693416 162380320 109313096 0
D 1334 272638438 159366434 113272004 1
D 1338 271382498 161451094 109931404 0
D 1335 272307436 159950675 112356761 0
D 1336 272003298 160252292 111751006 2
D 1339 271072432 159782855 111289577 1
D 1341 270499694 160947960 109551734 0
D 1343 269863548 160734350 109129198 0
D 1344 269517072 162174931 107342141 0
D 1342 270175616 159337985 110837631 1
D 1340 270777774 158679762 112098012 0
D 1346 268920274 160232556 108687718 1
D 1345 269224256 158391651 110832605 0
D 1347 268573992 159396616 109177376 0
D 1348 275006888 162393179 112613709 0
D 1349 274638906 163686535 110952371 0
D 1350 274277774 162380025 111897749 0
D 1352 273651198 161586352 112064846 1
D 1351 273963930 158370288 115593642 2
D 1354 272955326 164657489 108297837 0
D 1353 273292962 161598040 111694922 0
D 1355 272623616 163543001 109080615 0
D 1356 272262386 163031708 109230678 0
D 1357 271911954 161878852 110033102 0
D 1358 271616364 160152694 111463670 3
D 1359 271302062 160369597 110932465 0
D 1360 271001686 159266713 111734973 0
D 1362 270385838 158431469 111954369 0
D 1361 270664804 158035554 112629250 0
D 1363 270053406 159638458 110414948 0
D 1364 269672306 160212824 109459482 0
D 1367 268721162 159219006 109502156 0
D 1366 269030566 158699444 110331122 1
D 1365 269330264 156578504 112751760 1
D 1368 274968558 162865580 112102978 0
D 1369 274602202 160400935 114201267 1
D 1372 273568224 161551808 112016416 0
D 1370 274235216 161250523 112984693 0
D 1373 273236178 160874152 112362026 0
D 1374 272913054 159929513 112983541 1
D 1375 272646732 162352664 110294068 0
D 1371 273913276 158503910 115409366 0
D 1376 272351010 160544450 111806560 0
D 1377 272022054 158249001 113773053 1
D 1378 271653798 161469463 110184335 0
D 1379 271299708 161089044 110210664 0
D 1380 270955472 159643370 111312102 0
D 1381 270627938 158715419 111912519 1
D 1382 270244676 157986433 112258243 2
D 1384 269576194 159066960 110509234 1
D 1383 269899508 157257901 112641607 0
D 1385 269245462 156425104 112820358 0
D 1387 268673606 159556075 109117531 0
D 1386 268965248 158578169 110387079 0
D 1389 274400420 164757049 109643371 0
D 1388 274748030 161773336 112974694 0
D 1390 274038896 162116744 111922152 0
D 1393 273060288 163111103 109949185 0
D 1392 273367544 161290087 112077457 0
D 1391 273695618 159650238 114045380 1
D 1395 272396992 162941748 109455244 0
D 1394 272729092 160494547 112234545 2
D 1397 271614090 162534842 109079248 0
D 1396 272064700 159598281 112466419 0
D 1403 269552660 163829220 105723440 1
D 1400 270598446 160824094 109774352 0
D 1399 270939184 160313220 110625964 0
D 1398 271272790 156082868 115189922 0
D 1401 270195402 158405138 111790264 0
D 1402 269878882 158716884 111161998 0
D 1404 269227388 158499446 110727942 0
D 1405 268924028 157031266 111892762 0
D 1406 268573238 157400659 111172579 2
D 1407 274481260 159216159 115265101 0
D 1408 274072524 162927749 111144775 0
D 1409 273672098 163893311 109778787 1
D 1410 273317966 158839568 114478398 0
D 1411 273022328 160585920 112436408 0
D 1414 272035994 162252788 109783206 0
D 1412 272701996 160573234 112128762 0
D 1413 272384016 160022590 112361426 0
D 1415 271731636 160231971 111499665 0
D 1417 271058308 160742644 110315664 0
D 1418 270704346 162723208 107981138 0
D 1416 271399144 156907599 114491545 0
D 1420 270024380 161035923 108988457 0
D 1419 270356804 159075273 111281531 0
D 1422 269375780 160040419 109335361 1
D 1423 269056298 160583643 108472655 0
D 1421 269705614 158744358 110961256 0
D 1424 268691370 158863766 109827604 1
D 1425 274393860 161158587 113235273 0
D 1426 274023612 161337572 112686040 0
D 1427 273692750 161300998 112391752 0
D 1429 272964694 161178340 111786354 1
D 1428 273334266 159580773 113753493 0
D 1430 272623182 159928267 112694915 1
D 1433 271658058 161431348 110226710 0
D 1431 272320938 159751794 112569144 0
D 1434 271284552 160481417 110803135 0
D 1432 271991160 158474349 113516811 1
D 1436 270637064 161041767 109595297 0
D 1435 270965848 158633360 112332488 0
D 1438 269979812 160585362 109394450 0
D 1439 269644384 158026744 111617640 0
D 1437 270270768 156969583 113301185 0
D 1440 269301400 159856824 109444576 0
D 1441 268938614 158975584 109963030 0
D 1442 268601890 159924141 108677749 0
D 1443 274221844 163391399 110830445 1
D 1444 273847708 163569809 110277899 0
D 1445 273450496 157691106 115759390 0
D 1446 273068608 159387589 113681019 0
D 1448 272314166 161131867 111182299 0
D 1447 272675618 158347635 114327983 0
D 1449 271999638 160806368 111193270 1
D 1452 270930734 162409798 108520936 0
D 1454 270244900 161053212 109191688 0
D 1450 271640024 157978352 113661672 0
D 1451 271293880 158271123 113022757 0
D 1453 270600272 157481839 113118433 1
D 1455 269949232 159631794 110317438 1
D 1456 269653096 159439600 110213496 0
D 1457 269313124 158618962 110694162 0
D 1459 268630518 159135431 109495087 1
D 1458 268977824 158516146 110461678 1
D 1460 274062190 163258066 110804124 2
D 1462 273382760 162600821 110781939 0
D 1464 272687802 163598330 109089472 0
D 1463 272998908 160816000 112182908 1
D 1461 273713410 159964932 113748478 0
D 1465 272331650 160124639 112207011 0
D 1466 271961994 159132937 112829057 0
D 1467 271596128 163049879 108546249 0
D 1469 270916222 159880097 111036125 0
D 1468 271237956 158742162 112495794 1
D 1470 270546362 159262403 111283959 0
D 1472 269767298 157987899 111779399 0
D 1473 269427624 160095137 109332487 0
D 1474 269064202 159237328 109826874 0
D 1471 270137258 156545308 113591950 0
D 1475 268729206 157533968 111195238 2
D 1476 274065342 161580461 112484881 1
D 1478 273296738 164302679 108994059 0
D 1477 273676946 160408258 113268688 0
D 1479 272929730 162265467 110664263 0
D 1481 272140050 162323759 109816291 0
D 1480 272532528 159235857 113296671 0
D 1483 271393828 160114864 111278964 1
D 1482 271730942 159381808 112349134 0
D 1486 270354504 161556625 108797879 0
D 1485 270722880 160274909 110447971 0
D 1484 271061490 156887193 114174297 0
D 1487 269980080 159660688 110319392 0
D 1489 269189978 159370186 109819792 0
D 1490 268830500 159647007 109183493 0
D 1488 269558494 158032448 111526046 0
D 1492 273697610 161867048 111830562 0
D 1491 268461370 155565812 112895558 1
D 1494 272893578 162294611 110598967 1
D 1493 273301672 159596184 113705488 1
D 1496 272062208 162010876 110051332 0
D 1495 272476042 160203329 112272713 0
D 1497 271683800 158189566 113494234 0
D 1498 271322722 158955162 112367560 0
D 1499 270917226 158573394 112343832 1
D 1500 270580382 161604337 108976045 1
D 1501 270242446 160749105 109493341 0
D 1502 269878744 158457341 111421403 0
D 1504 269171082 158368380 110802702 0
D 1503 269501304 157510258 111991046 0
D 1505 268778570 159176463 109602107 1
D 1507 273504932 161081126 112423806 0
D 1506 273869652 160131956 113737696 0
D 1509 272757064 161084266 111672798 0
D 1508 273137368 157979275 115158093 0
D 1511 271940196 160164528 111775668 0
D 1510 272352964 158285404 114067560 1
D 1512 271530296 159131768 112398528 0
D 1516 270029698 161051632 108978066 0
D 1513 271112782 158014236 113098546 0
D 1515 270418940 159312319 111106621 0
D 1517 269687896 160397491 109290405 1
D 1514 270776578 158467325 112309253 1
D 1520 268601070 159486452 109114618 2
D 1518 269335622 157645094 111690528 0
D 1519 268970566 156621669 112348897 0
D 1521 273614830 162357720 111257110 1
D 1523 272783462 161563794 111219668 1
D 1522 273194152 160778009 112416143 0
D 1525 272061364 162913948 109147416 0
D 1524 272413946 161495136 110918810 0
D 1526 271651824 159055587 112596237 0
D 1527 271246402 160197163 111049239 0
D 1528 270905894 161452237 109453657 0
D 1529 270552214 159072624 111479590 0
D 1530 270190364 157620476 112569888 0
D 1531 269813026 160877345 108935681 0
D 1533 269088740 162261551 106827189 0
D 1532 269418496 159876113 109542383 0
D 1534 268735624 158409171 110326453 0
D 1535 273601048 163503780 110097268 0
D 1536 273195584 161217071 111978513 0
D 1537 272753766 161696353 111057413 0
D 1538 272298898 160528980 111769918 1
D 1539 271955384 160676169 111279215 0
D 1540 271559760 159944088 111615672 0
D 1542 270835712 160896680 109939032 0
D 1543 270452428 160933701 109518727 0
D 1544 270088372 159864168 110224204 0
D 1545 269657816 159210126 110447690 0
D 1547 268852652 158515313 110337339 0
D 1541 271199110 156303893 114895217 1
D 1546 269226286 156660996 112565290 0
D 1550 272869894 163978976 108890918 0
D 1549 273252472 161949704 111302768 0
D 1548 268455072 156072049 112383023 0
D 1552 272099572 162304854 109794718 1
D 1554 271319448 160928964 110390484 0
D 1551 272513078 159744134 112768944 0
D 1555 270934338 159878268 111056070 0
D 1553 271730050 159129703 112600347 1
D 1556 270523690 161504454 109019236 1
D 1557 270144054 158218652 111925402 0
D 1558 269765350 158249103 111516247 0
D 1559 269314846 159600462 109714384 1
D 1560 268926936 158750643 110176293 0
D 1561 268543828 158970753 109573075 0
D 1562 273233682 161373413 111860269 0
D 1564 272372274 160499158 111873116 0
D 1563 272813740 158228282 114585458 0
D 1565 271972046 160473885 111498161 0
D 1566 271589438 160217811 111371627 0
D 1568 270793042 161273818 109519224 0
D 1567 271187604 158346492 112841112 0
D 1569 270351980 158971103 111380877 0
D 1571 269534654 160187518 109347136 0
D 1570 269901938 158240695 111661243 0
D 1574 273390400 163471950 109918450 0
D 1573 268805056 158369740 110435316 1
D 1572 269160108 156778203 112381905 0
D 1576 272459562 160272169 112187393 0
D 1575 272919330 160053377 112865953 1
D 1580 270893156 162991409 107901747 0
D 1578 271641128 162229929 109411199 0
D 1577 272056880 159271257 112785623 0
D 1579 271259136 159742923 111516213 1
D 1581 270502030 159551237 110950793 0
D 1582 270060704 158551901 111508803 0
D 1585 268851486 158738963 110112523 0
D 1584 269280776 158653534 110627242 0
D 1583 269674866 156646729 113028137 0
D 1586 273299872 161940977 111358895 0
D 1587 272886576 162143091 110743485 0
D 1589 272151788 161217420 110934368 0
D 1588 272540954 159590702 112950252 0
D 1590 271803116 157952296 113850820 0
D 1591 271439942 161090341 110349601 0
D 1592 271078256 158595107 112483149 1
D 1593 270641536 160271460 110370076 0
D 1594 270212814 155648655 114564159 0
D 1595 269842532 159737587 110104945 0
D 1596 269433140 160314367 109118773 0
D 1598 268572424 160498397 108074027 0
D 1597 269013954 158043632 110970322 0
D 1599 272961514 162820560 110140954 1
D 1600 272583070 162376725 110206345 1
D 1601 272171272 162992222 109179050 0
D 1602 271713162 161861114 109852048 1
D 1603 271237802 159557220 111680582 1
D 1604 270833448 159322869 111510579 0
D 1607 269612252 160847137 108765115 1
D 1605 270429640 159674382 110755258 0
D 1608 269180484 159390008 109790476 0
D 1609 268811808 159379089 109432719 1
D 1606 270018322 158394050 111624272 0
D 1610 273104924 159363907 113741017 0
D 1611 272687302 160639599 112047703 0
D 1614 271433082 160795179 110637903 0
D 1613 271863400 160362945 111500455 0
D 1615 271019616 160112789 110906827 1
D 1612 272268458 159008036 113260422 0
D 1617 270149962 162043316 108106646 0
D 1616 270594860 157089583 113505277 0
D 1619 269405772 160815817 108589955 0
D 1618 269783912 158494421 111289491 0
D 1620 269023588 159484840 109538748 0
D 1621 268646028 155961183 112684845 0
D 1622 272858892 161195717 111663175 0
D 1623 272419704 159675334 112744370 1
D 1624 271989908 163484761 108505147 0
D 1625 271550378 158435661 113114717 0
D 1626 271144294 159328123 111816171 0
D 1627 270762668 159940036 110822632 0
D 1628 270375322 161033234 109342088 1
D 1632 268721852 161146084 107575768 1
D 1629 269989000 157726884 112262116 0
D 1631 269179056 158493576 110685480 0
D 1630 269577808 157191435 112386373 0
D 1634 272283366 161934813 110348553 0
D 1633 272773426 162102011 110671415 1
D 1635 271852950 161104065 110748885 0
D 1636 271386484 160180264 111206220 0
D 1637 270938290 159600565 111337725 0
D 1639 270125514 159663911 110461603 0
D 1638 270533344 157864193 112669151 0
D 1640 269708648 160946089 108762559 0
D 1642 268891646 159209822 109681824 0
D 1641 269276350 157038463 112237887 0
D 1643 268479204 157722220 110756984 0
D 1644 272488700 159662592 112826108 0
D 1645 271995556 159223959 112771597 0
D 1647 271202476 161279772 109922704 0
D 1646 271608314 160062310 111546004 0
D 1648 270752784 159874740 110878044 0
D 1649 270286066 157776159 112509907 0
D 1650 269921658 156838588 113083070 0
D 1651 269501000 159189818 110311182 0
D 1652 269092548 159101896 109990652 0
D 1653 268699952 157949077 110750875 0
D 1654 272684612 161523480 111161132 0
D 1655 272247226 160759796 111487430 0
D 1657 271303144 161383604 109919540 0
D 1656 271761722 159056081 112705641 0
D 1658 270848868 158325206 112523662 0
D 1659 270382120 160962284 109419836 1
D 1660 269941432 159651336 110290096 1
D 1661 269556592 159724892 109831700 1
D 1662 269092822 159357775 109735047 0
D 1663 268601550 160285947 108315603 0
D 1665 272104824 161018335 111086489 0
D 1664 272506426 158676641 113829785 0
D 1667 271325710 159720555 111605155 0
D 1669 270477840 160097537 110380303 0
D 1666 271707268 158787658 112919610 0
D 1668 270898396 157856142 113042254 0
D 1670 270044898 158823289 111221609 2
D 1671 269552210 157738352 111813858 0
D 1673 268664910 157683008 110981902 0
D 1677 271198556 163428811 107769745 0
D 1674 272495094 161606875 110888219 1
D 1672 269085370 155443607 113641763 2
D 1675 272094372 160753153 111341219 0
D 1676 271640816 160041910 111598906 0
D 1678 270759842 156904767 113855075 2
D 1679 270378110 158635517 111742593 0
D 1680 269937262 160516183 109421079 0
D 1681 269502952 158718971 110783981 0
D 1682 269050746 159340323 109710423 0
D 1683 268598698 158245895 110352803 0
D 1684 272264236 162402241 109861995 1
D 1685 271776088 158644999 113131089 0
D 1686 271366140 161003830 110362310 0
D 1691 269077458 161931805 107145653 0
D 1689 270033896 160925375 109108521 0
D 1688 270477862 159958454 110519408 0
D 1687 270945202 159958262 110986940 0
D 1690 269529026 160443253 109085773 0
D 1692 268628468 158732352 109896116 1
D 1693 272327668 163562442 108765226 0
D 1699 269624876 161655840 107969036 0
D 1694 271862610 159402297 112460313 0
D 1696 270942648 158878266 112064382 1
D 1697 270500758 158437988 112062770 0
D 1698 270039904 158714290 111325614 0
D 1695 271416648 158127991 113288657 0
D 1700 269188538 158320959 110867579 0
D 1701 268775278 157071361 111703917 0
D 1702 272397022 161134081 111262941 0
D 1705 271035728 161516790 109518938 2
D 1703 271962274 160492113 111470161 0
D 1704 271523330 160074085 111449245 0
D 1706 270536528 158746943 111789585 0
D 1707 270082992 158453621 111629371 0
D 1708 269615668 160254471 109361197 0
D 1709 269149484 159785761 109363723 2
D 1710 268711696 159403717 109307979 0
D 1711 272266810 160513164 111753646 0
D 1712 271815412 160928565 110886847 0
D 1713 271346490 160296051 111050439 0
D 1714 270870564 158499329 112371235 0
D 1715 270355340 158283601 112071739 1
D 1716 269885550 158082488 111803062 0
D 1719 268534050 159578500 108955550 0
D 1718 268995046 158677538 110317508 0
D 1717 269429312 158711568 110717744 2
D 1720 271982124 160430503 111551621 0
D 1721 271512974 159662093 111850881 0
D 1723 270574654 160463969 110110685 0
D 1722 271056854 159378937 111677917 0
D 1725 269591302 160575568 109015734 0
D 1724 270122336 160137391 109984945 1
D 1726 269095050 160310258 108784792 1
D 1727 268644150 158483841 110160309 0
D 1729 271633990 159962201 111671789 0
D 1728 272067368 158344882 113722486 2
D 1730 271159078 157312900 113846178 0
D 1731 270672786 162102188 108570598 0
D 1735 268756286 160827138 107929148 0
D 1732 270180828 159070202 111110626 1
D 1733 269683344 157305356 112377988 0
D 1734 269203526 157071603 112131923 1
D 1736 272103852 161603533 110500319 0
D 1737 271588936 159248614 112340322 0
D 1738 271110926 158322475 112788451 1
D 1739 270609094 158700979 111908115 1
D 1740 270134138 160836331 109297807 0
D 1741 269703982 157647541 112056441 0
D 1742 269265104 156306366 112958738 0
D 1744 272034846 163420245 108614601 0
D 1743 268766702 158287048 110479654 0
D 1748 270130088 161129247 109000841 0
D 1745 271544602 159407920 112136682 0
D 1747 270558916 160566827 109992089 0
D 1749 269664996 158680419 110984577 0
D 1746 271048724 158352713 112696011 1
D 1750 269198762 158304237 110894525 0
D 1751 268797716 156019065 112778651 0
D 1753 271564500 161185956 110378544 0
D 1752 272054130 159308758 112745372 1
D 1755 270636226 161193994 109442232 0
D 1756 270146300 160528785 109617515 2
D 1757 269639618 159139958 110499660 0
D 1758 269138952 159271168 109867784 0
D 1754 271115728 155866618 115249110 0
D 1760 271795690 162659221 109136469 0
D 1759 268634428 156798316 111836112 0
D 1762 270677534 162740343 107937191 0
D 1761 271227354 159628189 111599165 0
D 1763 270147616 159412241 110735375 0
D 1766 268686284 160125849 108560435 1
D 1765 269198204 158268331 110929873 0
D 1764 269666192 156880197 112785995 1
D 1767 271828384 159919138 111909246 0
D 1769 270871596 159677283 111194313 1
D 1768 271347572 159254124 112093448 1
D 1770 270352800 158735021 111617779 0
D 1771 269862288 162131586 107730702 0
D 1772 269324504 159484655 109839849 0
D 1773 268853606 160685203 108168403 0
D 1774 271990162 162710644 109279518 0
D 1776 270983554 161608169 109375385 1
D 1778 270008090 160692642 109315448 1
D 1775 271476380 159946818 111529562 0
D 1780 269051520 161356301 107695219 0
D 1777 270457854 157863265 112594589 0
D 1779 269515482 156992069 112523413 1
D 1781 268546054 158635184 109910870 1
D 1783 271079588 160348062 110731526 0
D 1782 271587156 159513513 112073643 0
D 1784 270566916 159246811 111320105 0
D 1785 270044710 157632796 112411914 1
D 1786 269564320 159077394 110486926 0
D 1787 269029344 159838065 109191279 0
D 1788 268479416 158081113 110398303 0
D 1789 271485320 160228862 111256458 1
D 1790 271004566 160808370 110196196 0
D 1791 270501608 159617555 110884053 0
D 1792 269987002 160254595 109732407 0
D 1793 269511284 159992976 109518308 0
D 1794 269000894 158201362 110799532 0
D 1795 268452144 158984286 109467858 0
D 1796 271445236 159617488 111827748 2
D 1797 270950250 160563376 110386874 0
D 1799 269907710 160117333 109790377 0
D 1798 270449130 159890778 110558352 0
D 1800 269384432 158710863 110673569 0
D 1801 268841194 158386635 110454559 0
D 1803 271273234 160930367 110342867 0
D 1802 271745324 159472452 112272872 0
D 1804 270766902 159330223 111436679 0
D 1805 270247274 159900247 110347027 0
D 1807 269253718 159701348 109552370 1
D 1808 268730078 158426786 110303292 0
D 1806 269776614 159133908 110642706 0
D 1811 270536612 162085572 108451040 1
D 1809 271534316 159839976 111694340 2
D 1810 271022316 159369401 111652915 0
D 1812 269968174 160409513 109558661 1
D 1813 269401198 158234858 111166340 0
D 1814 268846142 159418197 109427945 0
D 1816 271123744 160844586 110279158 0
D 1817 270598448 160368644 110229804 0
D 1815 271669696 160282966 111386730 1
D 1820 269139540 159737501 109402039 0
D 1819 269640118 159239901 110400217 0
D 1821 268624486 159322089 109302397 0
D 1818 270115336 156671820 113443516 1
D 1822 271384690 158592811 112791879 0
D 1823 270862198 159163552 111698646 1
D 1824 270356626 160564323 109792303 1
D 1825 269865640 158774240 111091400 1
D 1826 269310040 159106686 110203354 0
D 1827 268795654 158567462 110228192 0
D 1829 270846840 161584755 109262085 0
D 1828 271454318 158734545 112719773 0
D 1830 270271040 157947987 112323053 0
D 1831 269706906 160326555 109380351 0
D 1832 269160650 157352735 111807915 0
D 1833 268634066 158478609 110155457 0
D 1834 271345812 158289128 113056684 1
D 1835 270813730 161520940 109292790 1
D 1838 269209370 160219354 108990016 0
D 1836 270274908 158413278 111861630 1
D 1837 269744346 157892700 111851646 0
D 1839 268687552 157118348 111569204 0
D 1840 271244366 159892556 111351810 0
D 1841 270756074 159874023 110882051 1
D 1843 269682234 160752928 108929306 0
D 1842 270202098 158239351 111962747 0
D 1844 269198652 157362271 111836381 0
D 1845 268669642 158728582 109941060 1
D 1846 271241194 159122108 112119086 0
D 1847 270704270 158141912 112562358 0
D 1849 269613274 159091502 110521772 0
D 1851 268526484 159556393 108970091 0
D 1848 270165194 158716233 111448961 0
D 1850 269050608 157914200 111136408 0
D 1852 271097120 160099185 110997935 0
D 1853 270595346 159414765 111180581 0
D 1854 270054476 160027003 110027473 0
D 1855 269515462 158011533 111503929 2
D 1857 271425342 161426123 109999219 1
D 1856 268924058 157244799 111679259 1
D 1858 270863038 160766174 110096864 1
D 1859 270256630 160380156 109876474 0
D 1860 269724710 159042738 110681972 0
D 1861 269199436 158687267 110512169 0
D 1862 268647550 159245574 109401976 0
D 1863 271087642 159235124 111852518 0
D 1864 270525198 157272823 113252375 1
D 1866 269416006 159382653 110033353 0
D 1867 268839676 159334853 109504823 0
D 1865 270010986 156204455 113806531 1
D 1869 270727422 162538142 108189280 1
D 1868 271286808 159904790 111382018 0
D 1870 270140806 159368394 110772412 0
D 1872 269067894 158085083 110982811 1
D 1871 269614900 158285457 111329443 0
D 1873 268512394 157533082 110979312 0
D 1874 270924552 161084627 109839925 0
D 1877 269188622 160744885 108443737 2
D 1875 270323052 158786519 111536533 1
D 1876 269762614 159210291 110552323 1
D 1878 268621240 158716290 109904950 0
D 1880 270316366 159831734 110484632 0
D 1883 268559866 162409180 106150686 0
D 1879 270929390 158977942 111951448 0
D 1881 269728958 158421278 111307680 0
D 1882 269151928 157039258 112112670 0
D 1884 270868682 159278627 111590055 0
D 1885 270339310 160983314 109355996 1
D 1887 269219376 159262019 109957357 0
D 1886 269781982 158838134 110943848 0
D 1888 268653990 158648137 110005853 0
D 1889 270940528 159896584 111043944 0
D 1890 270376604 157743395 112633209 1
D 1892 269276268 161156791 108119477 1
D 1891 269821222 155794968 114026254 1
D 1893 268643314 156853599 111789715 1
D 1894 270875000 162380926 108494074 0
D 1895 270266282 160407022 109859260 1
D 1896 269682926 159906917 109776009 0
D 1897 269081246 158769343 110311903 0
D 1898 268539968 158005652 110534316 0
D 1899 270807536 159740771 111066765 0
D 1901 269662158 160772765 108889393 0
D 1902 269073620 159630501 109443119 0
D 1900 270236266 157275831 112960435 1
D 1903 268455156 157659029 110796127 1
D 1904 270614902 161602539 109012363 0
D 1906 269393266 160930872 108462394 0
D 1907 268806042 160018139 108787903 0
D 1905 270003518 159555355 110448163 0
D 1910 269817896 161910490 107907406 0
D 1911 269223840 159436290 109787550 2
D 1908 270996588 158565046 112431542 0
D 1909 270407842 158164734 112243108 1
D 1912 268656974 156461558 112195416 0
D 1915 269536830 161561678 107975152 0
D 1914 270187908 159541647 110646261 1
D 1913 270799818 159016962 111782856 0
D 1917 270989558 162272915 108716643 0
D 1916 268910714 156707667 112203047 0
D 1918 270434810 159928832 110505978 0
D 1919 269825910 157726299 112099611 0
D 1920 269177204 159000921 110176283 0
D 1921 268547226 158437176 110110050 0
D 1922 270601934 158936014 111665920 0
D 1923 270022020 159507875 110514145 0
D 1924 269415118 158280777 111134341 0
D 1925 268763188 158870968 109892220 0
D 1926 270770294 160706302 110063992 0
D 1927 270131986 158793087 111338899 0
D 1929 268813318 158652901 110160417 0
D 1928 269469394 155662924 113806470 1
D 1930 270785374 161639152 109146222 1
D 1932 269465786 159385582 110080204 0
D 1931 270123074 158485387 111637687 1
D 1934 270843510 162511989 108331521 0
D 1933 268869120 156795580 112073540 0
D 1936 269633990 159622350 110011640 0
D 1935 270240552 158504431 111736121 1
D 1937 269049042 157692615 111356427 0
D 1938 270975782 159812981 111162801 0
D 1940 269712972 158589569 111123403 0
D 1939 270317160 159195293 111121867 1
D 1941 269057116 157838524 111218592 0
D 1943 270359928 160692950 109666978 0
D 1942 268442922 156598043 111844879 1
D 1944 269736310 159216455 110519855 0
D 1945 269106250 157548987 111557263 0
D 1946 268546282 157509238 111037044 0
D 1947 270458370 159730314 110728056 0
D 1948 269810586 159764300 110046286 1
D 1949 269160006 159921764 109238242 0
D 1950 268530480 158286082 110244398 0
D 1952 269759078 159990450 109768628 0
D 1951 270388436 156329662 114058774 0
D 1953 269186396 159150486 110035910 0
D 1954 268559300 158341099 110218201 0
D 1955 270360714 159403362 110957352 1
D 1956 269703540 159221697 110481843 0
D 1957 269111536 159390567 109720969 0
D 1959 270288024 160753034 109534990 0
D 1958 268509734 158061913 110447821 0
D 1960 269627270 159483759 110143511 0
D 1961 268988504 157764207 111224297 0
D 1963 270130578 159673013 110457565 0
D 1962 270790178 159151018 111639160 0
D 1964 269425578 158899107 110526471 0
D 1965 268786586 159324056 109462530 0
D 1967 269904154 159771878 110132276 1
D 1966 270561814 159312217 111249597 0
D 1968 269230916 159483867 109747049 0
D 1969 268664128 158596445 110067683 0
D 1970 270387678 158691362 111696316 0
D 1972 269012588 159451923 109560665 0
D 1971 269713222 158093217 111620005 0
D 1973 270725012 158917402 111807610 1
D 1974 270034476 159643863 110390613 0
D 1976 268711202 158096878 110614324 0
D 1975 269411594 157049222 112362372 0
D 1977 270381152 159383915 110997237 0
D 1978 269662762 159412455 110250307 1
D 1979 268997994 158100717 110897277 1
D 1980 270621166 159253283 111367883 0
D 1981 269939424 158533515 111405909 0
D 1982 269262766 157685027 111577739 0
D 1983 268612300 159368659 109243641 0
D 1984 270263200 159066457 111196743 0
D 1985 269594246 160020061 109574185 0
D 1986 268900750 159012740 109888010 1
D 1987 270553072 160255508 110297564 0
D 1988 269876712 159870665 110006047 1
D 1989 269185598 158868981 110316617 0
D 1990 268515580 157105773 111409807 0
D 1992 269417322 161738094 107679228 1
D 1991 270103984 159372185 110731799 0
D 1993 268689396 157904687 110784709 1
D 1994 270218874 158211117 112007757 2
D 1995 269502852 156969054 112533798 1
D 1996 268862972 157641480 111221492 1
D 1997 270352090 159181941 111170149 0
D 1998 269666260 159354328 110311932 0
D 1999 268951640 158032755 110918885 0
D 2000 270495412 160891997 109603415 1
D 2001 269838740 158848432 110990308 0
D 2002 269124528 158489813 110634715 0
D 2003 268440912 157502946 110937966 0
D 2004 269909834 158711548 111198286 0
D 2005 269173598 159613080 109560518 0
D 2006 268469982 157963687 110506295 0
D 2007 269936764 159396273 110540491 0
D 2008 269263774 160114413 109149361 0
D 2009 268575406 158060248 110515158 0
D 2010 270030834 159649904 110380930 0
D 2011 269349704 159448216 109901488 0
D 2012 268649694 157400897 111248797 0
D 2013 270070574 159914774 110155800 0
D 2014 269330080 159348882 109981198 0
D 2016 270047908 160688530 109359378 0
D 2015 268620180 158107098 110513082 0
D 2017 269363420 159496107 109867313 1
D 2018 268612200 158757444 109854756 0
D 2019 269977216 159842056 110135160 0
D 2021 268521346 159724803 108796543 0
D 2020 269250546 158821501 110429045 0
D 2023 269231026 158534240 110696786 1
D 2022 269917326 158662732 111254594 1
D 2024 268498710 158956366 109542344 1
D 2028 269700508 160766193 108934315 1
D 2025 269845360 158853355 110992005 0
D 2026 269075404 157903253 111172151 0
D 2027 270446222 158792188 111654034 1
D 2029 268974140 159738043 109236097 0
D 2032 268888976 159842630 109046346 1
D 2030 270302002 157848881 112453121 0
D 2031 269616588 157944153 111672435 2
D 2033 270158924 160841824 109317100 1
D 2035 268659476 158902638 109756838 0
D 2034 269379572 157654560 111725012 2
D 2036 269933354 158801457 111131897 1
D 2038 268553112 159501927 109051185 1
D 2037 269217486 157717065 111500421 1
D 2039 269834668 159780034 110054634 0
D 2040 269068390 158817859 110250531 0
D 2041 270309062 160412418 109896644 1
D 2043 268737340 159182544 109554796 0
D 2042 269503836 158718762 110785074 2
D 2044 269957052 158986007 110971045 0
D 2046 268477972 159262310 109215662 1
D 2045 269212330 159611218 109601112 0
D 2047 269659442 158764265 110895177 0
D 2048 268947070 159242108 109704962 0
D 2049 270099914 160584793 109515121 0
D 2051 268537188 158756607 109780581 0
D 2050 269302174 157260314 112041860 0
D 2054 270109602 160046287 110063315 0
D 2052 269692852 158138714 111554138 1
D 2053 268942508 157170524 111771984 1
D 2055 269331530 159196460 110135070 0
D 2057 269692070 159604398 110087672 0
D 2056 268582936 157547715 111035221 2
D 2058 268842598 157367184 111475414 1
D 2059 269923278 158426346 111496932 1
D 2060 269155484 159766047 109389437 0
D 2063 268761088 159265499 109495589 1
D 2062 269509436 159412788 110096648 0
D 2061 270250626 159052133 111198493 1
D 2064 269874484 159768471 110106013 0
D 2065 269021260 158485861 110535399 1
D 2066 270054374 160222441 109831933 0
D 2067 269240840 158319211 110921629 0
D 2068 270230312 159028756 111201556 0
D 2069 269437776 159101144 110336632 1
D 2070 268657624 158790060 109867564 1
D 2071 269718874 160454693 109264181 0
D 2072 268971562 158908927 110062635 0
D 2073 269966730 159570760 110395970 0
D 2074 269168504 158425440 110743064 0
D 2075 270205524 159453264 110752260 0
D 2076 269392544 158654185 110738359 0
D 2077 268578678 157141655 111437023 1
D 2079 268724394 159503801 109220593 0
D 2078 269536124 158868477 110667647 1
D 2080 269699102 158457639 111241463 0
D 2081 268907712 157781377 111126335 1
D 2083 268978186 159001041 109977145 0
D 2082 269779334 158244762 111534572 0
D 2084 269955376 158579595 111375781 0
D 2085 269199220 159697597 109501623 0
D 2087 269306798 158378191 110928607 0
D 2088 268512310 159287209 109225101 0
D 2086 270140086 158120757 112019329 0
D 2089 269439344 159036265 110403079 0
D 2091 269596130 159353789 110242341 0
D 2090 268649270 156228974 112420296 0
D 2092 268818784 157737521 111081263 0
D 2093 269707054 157712569 111994485 0
D 2094 268853620 159150756 109702864 0
D 2095 269680880 160536623 109144257 0
D 2096 268777376 159356668 109420708 0
D 2097 269582426 159494001 110088425 3
D 2098 268764174 158655369 110108805 0
D 2099 269601586 159094136 110507450 0
D 2100 268771148 159239045 109532103 1
D 2101 269575608 157217453 112358155 0
D 2103 269560258 159828983 109731275 0
D 2102 268718586 157467531 111251055 0
D 2104 268756840 157815936 110940904 0
D 2105 269522154 160245346 109276808 0
D 2106 268639378 158970753 109668625 0
D 2107 269463762 159682988 109780774 0
D 2108 268607366 158911681 109695685 0
D 2109 269322302 159272189 110050113 0
D 2110 270036864 159448521 110588343 0
D 2111 269163594 157925419 111238175 2
D 2112 269871544 159528248 110343296 0
D 2113 268984346 159949514 109034832 1
D 2115 268855558 159265237 109590321 0
D 2114 269717830 158557083 111160747 1
D 2116 269516426 160028187 109488239 0
D 2118 269401924 159153878 110248046 0
D 2117 268696280 157662508 111033772 0
D 2119 268493186 158579033 109914153 0
D 2120 269201228 161052522 108148706 0
D 2121 269862918 159340232 110522686 0
D 2122 268923450 158127644 110795806 0
D 2124 268682320 159087567 109594753 0
D 2123 269586568 159388029 110198539 0
D 2126 268445554 159119425 109326129 0
D 2125 269332564 158701378 110631186 0
D 2127 269110294 159480198 109630096 0
D 2128 269742980 159565907 110177073 1
D 2129 268895758 158633610 110262148 0
D 2130 269507746 158420639 111087107 0
D 2131 268605760 158646260 109959500 0
D 2132 269199760 159015970 110183790 2
D 2133 269742534 158308844 111433690 0
D 2134 268823600 158921209 109902391 0
D 2135 269440080 159141828 110298252 0
D 2136 268537114 157459556 111077558 0
D 2137 269112836 160069536 109043300 0
D 2139 268813052 159179125 109633927 0
D 2138 269712520 157827399 111885121 0
D 2140 269293068 158136747 111156321 0
D 2141 269849978 158974472 110875506 2
D 2142 268966686 158138538 110828148 0
D 2144 268531626 158504239 110027387 0
D 2145 269014666 159853397 109161269 3
D 2143 269454438 157854397 111600041 0
D 2146 269472258 159252337 110219921 1
D 2148 269077024 159044817 110032207 1
D 2147 268570334 157876067 110694267 1
D 2149 269570540 159789160 109781380 0
D 2150 268657030 157004651 111652379 0
D 2152 269558182 160215003 109343179 0
D 2153 268578898 159288843 109290055 0
D 2151 269084610 157628496 111456114 1
D 2154 269000972 159000716 110000256 0
D 2156 268443698 158619053 109824645 0
D 2155 269432346 158850242 110582104 1
D 2157 268880828 159120565 109760263 0
D 2158 269321480 158691234 110630246 0
D 2159 269715254 158020140 111695114 1
D 2160 268769314 158837808 109931506 0
D 2161 269210124 159999190 109210934 0
D 2162 269568428 159073038 110495390 2
D 2163 268640660 159073335 109567325 0
D 2164 269006004 158426425 110579579 0
D 2165 269395034 160176994 109218040 0
D 2166 269703474 157276859 112426615 0
D 2167 268724362 157118281 111606081 0
D 2168 269031820 158051511 110980309 0
D 2169 269352484 159638417 109714067 0
D 2170 269671654 159885150 109786504 0
D 2171 268660452 158575025 110085427 0
D 2172 269029408 160318909 108710499 0
D 2175 268598954 158887707 109711247 0
D 2173 269339872 159215733 110124139 0
D 2174 269591080 159490143 110100937 1
D 2176 268892732 158298056 110594676 0
D 2178 269474648 159600825 109873823 0
D 2177 269178762 158800218 110378544 0
D 2179 268447726 158892827 109554899 2
D 2180 268717680 159136637 109581043 0
D 2181 268990430 159457714 109532716 0
D 2182 269166418 158531660 110634758 0
D 2183 269381740 158906192 110475548 0
D 2184 268443632 157746183 110697449 0
D 2185 268670884 157715493 110955391 1
D 2186 268936040 157685314 111250726 0
D 2187 269127616 159454627 109672989 0
D 2188 269287484 159194524 110092960 0
D 2189 269456766 157423652 112033114 0
D 2190 269608494 159208888 110399606 0
D 2191 268551064 157950131 110600933 0
D 2192 268712102 160401192 108310910 0
D 2193 268893826 157760689 111133137 0
D 2194 269033934 158401444 110632490 0
D 2195 269181390 158592247 110589143 0
D 2196 269336410 159410961 109925449 0
D 2197 269438020 158989518 110448502 0
D 2199 268521130 159346678 109174452 0
D 2198 269563096 156965702 112597394 2
D 2200 268686178 158486918 110199260 1
D 2201 268819294 157989965 110829329 0
D 2202 268966140 157689531 111276609 1
D 2203 269035052 159165752 109869300 1
D 2205 269162576 158373761 110788815 0
D 2204 269114582 157365555 111749027 0
D 2206 269246914 158465503 110781411 1
D 2207 269283412 159076647 110206765 0
D 2209 269286036 159064280 110221756 0
D 2208 269289468 157374053 111915415 0
D 2210 269311162 158436776 110874386 0
D 2211 269376252 159116710 110259542 0
D 2213 269361728 159476353 109885375 0
D 2212 269402200 158843894 110558306 2
D 2214 269359698 159209348 110150350 0
D 2216 269400856 159642808 109758048 0
D 2215 269330490 158014681 111315809 1
D 2217 269333802 160211113 109122689 0
D 2218 269282548 158554844 110727704 1
D 2219 269272872 158557913 110714959 1
D 2220 269254226 158843817 110410409 0
D 2221 269211892 159240892 109971000 0
D 2222 269161578 157599225 111562353 2
D 2223 269152920 159003447 110149473 0
D 2224 269039194 158196956 110842238 0
D 2225 268981454 158853581 110127873 0
D 2226 268815302 159227340 109587962 0
D 2228 268582826 158798164 109784662 0
D 2227 268674864 158206321 110468543 0
D 2229 268472380 158880931 109591449 1
D 2231 269280510 159769510 109511000 1
D 2230 269388488 158502476 110886012 0
D 2232 269157148 157731648 111425500 2
D 2233 269030058 158200935 110829123 0
D 2234 268887258 158693024 110194234 0
D 2235 268711844 158489817 110222027 0
D 2236 268577350 158812818 109764532 0
D 2237 269405652 159585392 109820260 1
D 2238 269237724 158145367 111092357 0
D 2239 269077298 159278736 109798562 0
D 2240 268826372 157936431 110889941 0
D 2241 268558796 158561855 109996941 1
D 2243 269019124 159391566 109627558 0
D 2244 268817448 159215120 109602328 0
D 2242 269327678 158550349 110777329 0
D 2246 269274122 159572978 109701144 0
D 2245 268584840 157658273 110926567 0
D 2247 268985618 158545924 110439694 0
D 2248 268706730 158176268 110530462 1
D 2249 268477470 157815591 110661879 0
D 2250 269147222 159550292 109596930 0
D 2251 268853844 158656277 110197567 1
D 2252 268553160 158000394 110552766 1
D 2253 269156696 159042788 110113908 0
D 2254 268833936 159571703 109262233 0
D 2255 268516722 158753581 109763141 0
D 2256 269060228 159085987 109974241 0
D 2257 268698996 159355201 109343795 2
D 2258 269304264 158932742 110371522 0
D 2259 268994278 158607067 110387211 0
D 2261 269257048 159657350 109599698 0
D 2260 268654848 158543636 110111212 0
D 2262 268881592 158856867 110024725 0
D 2263 268545276 158051417 110493859 1
D 2264 268989914 159066328 109923586 0
D 2265 268583958 158266169 110317789 0
D 2267 268725244 158481762 110243482 0
D 2266 269133524 158167942 110965582 1
D 2268 269144908 158944921 110199987 1
D 2269 268711916 157967845 110744071 0
D 2270 269119704 159565280 109554424 0
D 2271 268615954 158310956 110304998 0
D 2274 268867500 158643242 110224258 2
D 2272 268997674 158032156 110965518 0
D 2273 268542292 158091369 110450923 0
D 2276 268654264 158743717 109910547 0
D 2275 269161682 159093239 110068443 0
D 2277 268983202 158320387 110662815 1
D 2278 268452544 158428658 110023886 0
D 2279 268711290 158821082 109890208 0
D 2280 269006686 159009953 109996733 0
D 2281 268475222 158628475 109846747 0
D 2282 268724936 158303259 110421677 0
D 2283 268945474 158833448 110112026 0
D 2284 269211866 159742203 109469663 1
D 2285 268617438 157507470 111109968 1
D 2286 268794418 159245088 109549330 1
D 2287 269006362 158629342 110377020 0
D 2288 269147828 158730444 110417384 0
D 2289 268491920 158195071 110296849 0
D 2290 268665014 158864884 109800130 0
D 2291 268736296 158152193 110584103 1
D 2292 268889898 159239660 109650238 2
D 2293 269033592 158471087 110562505 1
D 2295 269179926 158409293 110770633 0
D 2294 269106490 157913415 111193075 3
D 2297 268577678 157972622 110605056 0
D 2298 268622086 159424615 109197471 0
D 2296 268549472 157049293 111500179 0
D 2299 268687470 157591337 111096133 0
D 2300 268728608 158398763 110329845 0
D 2301 268733832 158666776 110067056 1
D 2304 268607916 159047566 109560350 0
D 2303 268643454 158658672 109984782 0
D 2302 268705632 158498860 110206772 2
D 2306 268436534 158621972 109814562 0
D 2305 268534662 158021458 110513204 0
D 2307 269090942 158436611 110654331 0
D 2308 268958662 157467424 111491238 1
D 2309 268832324 158556759 110275565 2
D 2310 268694948 158806867 109888081 2
D 2311 268527210 158482577 110044633 0
D 2312 268455742 158207194 110248548 0
D 2313 269030428 158445849 110584579 0
D 2314 268850112 158338796 110511316 1
D 2315 268730026 158206037 110523989 1
D 2316 268505324 157455782 111049542 0
D 2317 268902030 158046572 110855458 0
D 2318 268707466 158335461 110372005 0
D 2319 268463624 158187089 110276535 0
D 2320 268916258 160047633 108868625 0
D 2321 268618278 157901280 110716998 0
D 2322 269001266 159835280 109165986 0
D 2323 268659710 158978622 109681088 1
D 2325 268674756 158992049 109682707 0
D 2324 268967006 158439069 110527937 0
D 2327 268607804 159202444 109405360 0
D 2326 268983674 158148338 110835336 0
D 2328 268898528 158589844 110308684 0
D 2329 268498982 159248895 109250087 0
D 2330 268732812 158724700 110008112 0
D 2331 268971080 158487455 110483625 0
D 2332 268567792 158276997 110290795 0
D 2334 268986116 159176830 109809286 0
D 2333 268802330 158642360 110159970 0
D 2335 268529230 158764603 109764627 0
D 2336 268647648 158283088 110364560 0
D 2337 268747018 159467017 109280001 0
D 2338 268872662 159324511 109548151 0
D 2339 268906740 159009511 109897229 2
D 2340 268930544 158528459 110402085 1
D 2341 268931704 158756968 110174736 0
D 2342 268954826 158706757 110248069 0
D 2343 268926194 158044435 110881759 1
D 2344 268919750 158883167 110036583 2
D 2345 268840308 158902331 109937977 0
D 2346 268779736 157775927 111003809 0
D 2347 268628586 158359264 110269322 1
D 2348 268508096 158220908 110287188 1
D 2349 268959602 158707257 110252345 0
D 2350 268780066 158358686 110421380 0
D 2351 268624642 158292434 110332208 1
D 2352 268925920 158436798 110489122 1
D 2353 268749868 158743321 110006547 0
D 2354 268494100 158922796 109571304 1
D 2355 268661232 158849067 109812165 1
D 2356 268445684 158373850 110071834 1
D 2358 268908742 159074417 109834325 0
D 2357 268696056 158071557 110624499 1
D 2359 268604496 157947288 110657208 1
D 2360 268775092 159529543 109245549 0
D 2361 268446680 158571181 109875499 0
D 2362 268605636 158569916 110035720 0
D 2363 268681244 158904271 109776973 0
D 2364 268766848 158685160 110081688 1
D 2365 268867736 159114937 109752799 0
D 2366 268443194 158247403 110195791 0
D 2367 268901382 159098385 109802997 1
D 2368 268809684 158353637 110456047 1
D 2369 268734840 158465721 110269119 1
D 2370 268578892 158224998 110353894 0
D 2371 268893556 158260319 110633237 0
D 2372 268743906 158772185 109971721 0
D 2373 268589900 157733967 110855933 0
D 2374 268879556 158941281 109938275 0
D 2375 268603228 158287730 110315498 1
D 2376 268824494 158965842 109858652 0
D 2378 268693998 159089731 109604267 2
D 2377 268534142 157967479 110566663 2
D 2379 268857320 158283801 110573519 0
D 2380 268561088 158593790 109967298 0
D 2381 268613632 158166730 110446902 0
D 2382 268685016 158654856 110030160 0
D 2383 268744278 158774839 109969439 0
D 2385 268449500 158908900 109540600 1
D 2384 268822504 158003011 110819493 0
D 2386 268462576 158002218 110460358 1
D 2387 268794244 158316233 110478011 0
D 2388 268626430 158704197 109922233 1
D 2390 268677584 159047856 109629728 0
D 2389 268829818 158133309 110696509 0
D 2391 268559204 158220032 110339172 0
D 2393 268531758 158745430 109786328 2
D 2392 268742212 158714630 110027582 0
D 2394 268652646 158376161 110276485 0
D 2395 268741810 158652120 110089690 1
D 2397 268521070 158631763 109889307 0
D 2396 268483882 157999142 110484740 1
D 2398 268485544 158714379 109771165 0
D 2399 268796128 158689703 110106425 0
D 2400 268638362 158243770 110394592 0
D 2401 268534460 158020894 110513566 0
D 2402 268721454 158637873 110083581 0
D 2403 268552772 158055320 110497452 0
D 2404 268744748 159184294 109560454 0
D 2405 268547552 157877509 110670043 0
D 2406 268601612 158247496 110354116 3
D 2407 268657144 158797779 109859365 1
D 2408 268640376 158682543 109957833 1
D 2409 268555254 158493416 110061838 1
D 2410 268476994 158101677 110375317 0
D 2411 268753390 158513829 110239561 1
D 2412 268580332 158774830 109805502 1
D 2413 268725844 157918804 110807040 1
D 2414 268534216 158132382 110401834 0
D 2415 268626992 158651894 109975098 0
D 2416 268603514 158955692 109647822 1
D 2417 268542422 158679206 109863216 1
D 2418 268455814 157909386 110546428 1
D 2419 268601492 158138526 110462966 0
D 2420 268451816 158148977 110302839 0
D 2421 268580658 158628620 109952038 2
D 2424 268444956 158997133 109447823 1
D 2422 268713906 158370968 110342938 1
D 2423 268495186 158054161 110441025 0
D 2425 268693500 157887921 110805579 2
D 2426 268601794 158912783 109689011 1
D 2427 268440872 158401446 110039426 1
D 2428 268474868 159015905 109458963 0
D 2429 268711566 158564577 110146989 1
D 2430 268686790 158692530 109994260 0
D 2431 268678398 158289119 110389279 0
D 2432 268542434 158770000 109772434 0
D 2433 268689332 159185014 109504318 0
D 2434 268481650 158345715 110135935 0
D 2435 268469394 158046195 110423199 0
D 2436 268624894 158029409 110595485 1
D 2437 268531006 158134566 110396440 0
D 2438 268591156 158236883 110354273 0
D 2439 268555962 158487084 110068878 0
D 2440 268516590 158678315 109838275 0
D 2441 268668254 158679933 109988321 1
D 2442 268510274 158112892 110397382 0
D 2443 268500524 158236477 110264047 0
D 2444 268470402 158624133 109846269 0
D 2445 268628520 158610605 110017915 1
D 2446 268664486 159074152 109590334 0
D 2447 268524382 158312892 110211490 0
D 2448 268554164 158596240 109957924 0
D 2449 268487568 158383803 110103765 1
D 2450 268551284 158101681 110449603 1
D 2451 268572012 157895713 110676299 0
D 2452 268643632 158529258 110114374 0
D 2454 268605816 158913694 109692122 1
D 2453 268636226 158262226 110374000 0
D 2455 268534684 158215454 110319230 1
D 2456 268575426 158109444 110465982 0
D 2457 268549274 158412567 110136707 1
D 2458 268620690 158538379 110082311 0
D 2459 268579454 158496335 110083119 0
D 2460 268520758 158791198 109729560 0
D 2461 268607928 158623437 109984491 0
D 2462 268545706 158138249 110407457 0
D 2463 268442744 158148270 110294474 0
D 2464 268551510 158537937 110013573 1
D 2465 268575040 158654335 109920705 0
D 2467 268597706 158858373 109739333 0
D 2466 268545754 158439136 110106618 0
D 2469 268458754 158678143 109780611 0
D 2468 268563868 158465052 110098816 0
D 2470 268495906 158235075 110260831 2
D 2471 268496758 158685481 109811277 0
D 2472 268591828 158788374 109803454 0
D 2474 268497376 158379871 110117505 0
D 2473 268456340 158221945 110234395 0
D 2475 268545698 158647129 109898569 0
D 2476 268484654 158722925 109761729 0
D 2477 268497904 158144895 110353009 1
D 2478 268510842 158487852 110022990 0
D 2479 268445624 158642565 109803059 1
D 2480 268513162 158426704 110086458 0
D 2481 268442048 158396520 110045528 2
D 2482 268451984 158499266 109952718 1
D 2483 268485712 158403898 110081814 0
D 2484 268474518 158281368 110193150 2
D 2485 268462056 158126886 110335170 0
D 2486 268453042 158773238 109679804 1
D 2487 268553560 158234238 110319322 1
D 2488 268487048 158526430 109960618 0
D 2489 268547050 158080226 110466824 2
D 2490 268551242 158671812 109879430 0
D 2491 268495796 157846414 110649382 0
D 2492 268497932 158328409 110169523 1
D 2493 268489028 158759759 109729269 1
D 2494 268513964 158160799 110353165 2
D 2495 268440716 158479845 109960871 1
D 2496 268478312 158340380 110137932 0
D 2497 268457946 158307068 110150878 0
D 2498 268462602 158140019 110322583 0
D 2499 268505086 158359461 110145625 0
D 2500 268457312 158258669 110198643 1
D 2501 268494556 158428690 110065866 1
D 2502 268497100 158548287 109948813 2
D 2503 268449324 158225706 110223618 0
D 2504 268508730 158461314 110047416 0
D 2505 268455824 158401970 110053854 1
D 2506 268476842 158384744 110092098 1
D 2507 268492478 158260575 110231903 0
D 2508 268455626 158349553 110106073 0
D 2509 268495826 158438148 110057678 0
D 2510 268500942 158473896 110027046 0
D 2511 268453984 158364182 110089802 0
D 2512 268460350 158170196 110290154 0
D 2513 268482196 158584281 109897915 1
D 2514 268498792 158418813 110079979 0
D 2516 268444152 158446663 109997489 0
D 2515 268485818 158353479 110132339 2
D 2517 268483914 158480385 110003529 0
D 2518 268464880 158389467 110075413 2
D 2519 268463638 158381512 110082126 0
D 2520 268450468 158409591 110040877 0
D 2521 268481858 158468183 110013675 0
D 2522 268479338 158555372 109923966 1
D 2523 268485840 158623586 109862254 0
D 2524 268481654 158235174 110246480 1
D 2525 268445000 158414640 110030360 1
D 2526 268466946 158426339 110040607 0
D 2527 268479276 158339031 110140245 1
D 2528 268468684 158505508 109963176 1
D 2529 268462964 158328447 110134517 0
D 2530 268470144 158385387 110084757 2
D 2531 268444580 158343236 110101344 1
D 2532 268435792 158321404 110114388 0
D 2533 268449622 158283073 110166549 0
D 2534 268465474 158431758 110033716 0
D 2535 268462894 158429987 110032907 1
D 2536 268465862 158351655 110114207 1
D 2537 268464794 158326196 110138598 1
D 2538 268462680 158273230 110189450 0
D 2539 268435886 158451485 109984401 1
D 2540 268436238 158405965 110030273 1
D 2541 268459484 158393722 110065762 1
D 2542 268439756 158490817 109948939 1
D 2543 268438494 158449324 109989170 0
D 2544 268445144 158351933 110093211 1
D 2545 268440314 158464229 109976085 1
D 2546 268449366 158351683 110097683 0
D 2547 268436966 158358604 110078362 1
D 2548 268438854 158333392 110105462 0
D 2549 268436506 158404362 110032144 1
D 2550 268438154 158371534 110066620 1
D 2551 268445480 158384942 110060538 2
D 2552 268443114 158392761 110050353 0
D 2553 268439516 158332586 110106930 1
D 2554 268440056 158463547 109976509 0
D 2555 268440106 158386122 110053984 0
D 2556 268436204 158413321 110022883 0
D 2557 268440430 158504487 109935943 0
D 2558 268438694 158366807 110071887 0
D 2559 268439792 158446477 109993315 1
D 2560 268437872 158413243 110024629 0
D 2561 268436364 158425752 110010612 1
D 2562 268435898 158511769 109924129 0
D 2563 268435530 158546204 109889326 1
D 2564 268435568 158574975 109860593 4
D 2565 268435918 158678398 109757520 0
D 2567 233156428 142494712 90661716 2
D 2566 268435614 159225756 109209858 7
